Archive member included to satisfy reference by file (symbol)

c:/nxp/mcuxpressoide_11.8.0_1165/ide/plugins/com.nxp.mcuxpresso.tools.win32_11.8.0.202306131047/tools/bin/../lib/gcc/arm-none-eabi/12.2.1/../../../../arm-none-eabi/lib/thumb/v7e-m+fp/hard\libcr_semihost_nf.a(_cr__main.o)
                              ./startup/startup_mk66f18.o (__main)
c:/nxp/mcuxpressoide_11.8.0_1165/ide/plugins/com.nxp.mcuxpresso.tools.win32_11.8.0.202306131047/tools/bin/../lib/gcc/arm-none-eabi/12.2.1/../../../../arm-none-eabi/lib/thumb/v7e-m+fp/hard\libcr_semihost_nf.a(_cr_assert.o)
                              ./source/main.o (__assertion_failed)
c:/nxp/mcuxpressoide_11.8.0_1165/ide/plugins/com.nxp.mcuxpresso.tools.win32_11.8.0.202306131047/tools/bin/../lib/gcc/arm-none-eabi/12.2.1/../../../../arm-none-eabi/lib/thumb/v7e-m+fp/hard\libcr_semihost_nf.a(__ciob.o)
                              c:/nxp/mcuxpressoide_11.8.0_1165/ide/plugins/com.nxp.mcuxpresso.tools.win32_11.8.0.202306131047/tools/bin/../lib/gcc/arm-none-eabi/12.2.1/../../../../arm-none-eabi/lib/thumb/v7e-m+fp/hard\libcr_semihost_nf.a(_cr_assert.o) (__Ciob)
c:/nxp/mcuxpressoide_11.8.0_1165/ide/plugins/com.nxp.mcuxpresso.tools.win32_11.8.0.202306131047/tools/bin/../lib/gcc/arm-none-eabi/12.2.1/../../../../arm-none-eabi/lib/thumb/v7e-m+fp/hard\libcr_semihost_nf.a(__sys_appexit.o)
                              c:/nxp/mcuxpressoide_11.8.0_1165/ide/plugins/com.nxp.mcuxpresso.tools.win32_11.8.0.202306131047/tools/bin/../lib/gcc/arm-none-eabi/12.2.1/../../../../arm-none-eabi/lib/thumb/v7e-m+fp/hard\libcr_semihost_nf.a(_cr_assert.o) (__sys_appexit)
c:/nxp/mcuxpressoide_11.8.0_1165/ide/plugins/com.nxp.mcuxpresso.tools.win32_11.8.0.202306131047/tools/bin/../lib/gcc/arm-none-eabi/12.2.1/../../../../arm-none-eabi/lib/thumb/v7e-m+fp/hard\libcr_c.a(fabsf.o)
                              ./CMSIS/DSP/Source/BasicMathFunctions/BasicMathFunctions.o (fabsf)
c:/nxp/mcuxpressoide_11.8.0_1165/ide/plugins/com.nxp.mcuxpresso.tools.win32_11.8.0.202306131047/tools/bin/../lib/gcc/arm-none-eabi/12.2.1/../../../../arm-none-eabi/lib/thumb/v7e-m+fp/hard\libcr_c.a(sqrtf_m4_hardfp.o)
                              ./CMSIS/DSP/Source/StatisticsFunctions/StatisticsFunctions.o (sqrtf)
c:/nxp/mcuxpressoide_11.8.0_1165/ide/plugins/com.nxp.mcuxpresso.tools.win32_11.8.0.202306131047/tools/bin/../lib/gcc/arm-none-eabi/12.2.1/../../../../arm-none-eabi/lib/thumb/v7e-m+fp/hard\libcr_c.a(memcpy.o)
                              ./utilities/fsl_str.o (memcpy)
c:/nxp/mcuxpressoide_11.8.0_1165/ide/plugins/com.nxp.mcuxpresso.tools.win32_11.8.0.202306131047/tools/bin/../lib/gcc/arm-none-eabi/12.2.1/../../../../arm-none-eabi/lib/thumb/v7e-m+fp/hard\libcr_c.a(memset.o)
                              ./source/main.o (memset)
c:/nxp/mcuxpressoide_11.8.0_1165/ide/plugins/com.nxp.mcuxpresso.tools.win32_11.8.0.202306131047/tools/bin/../lib/gcc/arm-none-eabi/12.2.1/../../../../arm-none-eabi/lib/thumb/v7e-m+fp/hard\libcr_c.a(_deferredlazyseek.o)
                              c:/nxp/mcuxpressoide_11.8.0_1165/ide/plugins/com.nxp.mcuxpresso.tools.win32_11.8.0.202306131047/tools/bin/../lib/gcc/arm-none-eabi/12.2.1/../../../../arm-none-eabi/lib/thumb/v7e-m+fp/hard\libcr_semihost_nf.a(_cr_assert.o) (__flsbuf)
c:/nxp/mcuxpressoide_11.8.0_1165/ide/plugins/com.nxp.mcuxpresso.tools.win32_11.8.0.202306131047/tools/bin/../lib/gcc/arm-none-eabi/12.2.1/../../../../arm-none-eabi/lib/thumb/v7e-m+fp/hard\libcr_c.a(_fflush.o)
                              c:/nxp/mcuxpressoide_11.8.0_1165/ide/plugins/com.nxp.mcuxpresso.tools.win32_11.8.0.202306131047/tools/bin/../lib/gcc/arm-none-eabi/12.2.1/../../../../arm-none-eabi/lib/thumb/v7e-m+fp/hard\libcr_c.a(_deferredlazyseek.o) (_fflush)
c:/nxp/mcuxpressoide_11.8.0_1165/ide/plugins/com.nxp.mcuxpresso.tools.win32_11.8.0.202306131047/tools/bin/../lib/gcc/arm-none-eabi/12.2.1/../../../../arm-none-eabi/lib/thumb/v7e-m+fp/hard\libcr_c.a(_writebuf.o)
                              c:/nxp/mcuxpressoide_11.8.0_1165/ide/plugins/com.nxp.mcuxpresso.tools.win32_11.8.0.202306131047/tools/bin/../lib/gcc/arm-none-eabi/12.2.1/../../../../arm-none-eabi/lib/thumb/v7e-m+fp/hard\libcr_c.a(_deferredlazyseek.o) (_Cwritebuf)
c:/nxp/mcuxpressoide_11.8.0_1165/ide/plugins/com.nxp.mcuxpresso.tools.win32_11.8.0.202306131047/tools/bin/../lib/gcc/arm-none-eabi/12.2.1/../../../../arm-none-eabi/lib/thumb/v7e-m+fp/hard\libcr_c.a(alloc.o)
                              ./drivers/fsl_common.o (malloc)
c:/nxp/mcuxpressoide_11.8.0_1165/ide/plugins/com.nxp.mcuxpresso.tools.win32_11.8.0.202306131047/tools/bin/../lib/gcc/arm-none-eabi/12.2.1/../../../../arm-none-eabi/lib/thumb/v7e-m+fp/hard\libcr_c.a(ctype.o)
                              ./source/GPS.o (isxdigit)
c:/nxp/mcuxpressoide_11.8.0_1165/ide/plugins/com.nxp.mcuxpresso.tools.win32_11.8.0.202306131047/tools/bin/../lib/gcc/arm-none-eabi/12.2.1/../../../../arm-none-eabi/lib/thumb/v7e-m+fp/hard\libcr_c.a(errno.o)
                              ./utilities/fsl_str.o (errno)
[...]
Memory Configuration

Name             Origin             Length             Attributes
PROGRAM_FLASH    0x00000000         0x00200000         xr
SRAM_UPPER       0x20000000         0x00030000         xrw
SRAM_LOWER       0x1fff0000         0x00010000         xrw
FLEX_RAM         0x14000000         0x00001000         xrw
*default*        0x00000000         0xffffffff

Linker script and memory map

LOAD ./utilities/fsl_debug_console.o
LOAD ./utilities/fsl_str.o
LOAD ./startup/startup_mk66f18.o
LOAD ./source/FlexTimer.o
LOAD ./source/GPS.o
LOAD ./source/main.o
LOAD ./source/overclock.o
LOAD ./source/pwm_controller.o
LOAD ./source/semihost_hardfault.o
LOAD ./freertos/freertos_kernel/portable/MemMang/heap_4.o
LOAD ./freertos/freertos_kernel/portable/GCC/ARM_CM4F/port.o
LOAD ./freertos/freertos_kernel/croutine.o
LOAD ./freertos/freertos_kernel/event_groups.o
LOAD ./freertos/freertos_kernel/list.o
LOAD ./freertos/freertos_kernel/queue.o
LOAD ./freertos/freertos_kernel/stream_buffer.o
LOAD ./freertos/freertos_kernel/tasks.o
LOAD ./freertos/freertos_kernel/timers.o
LOAD ./drivers/freertos/fsl_dspi_freertos.o
LOAD ./drivers/freertos/fsl_i2c_freertos.o
LOAD ./drivers/freertos/fsl_uart_freertos.o
LOAD ./drivers/fsl_adc16.o
LOAD ./drivers/fsl_clock.o
LOAD ./drivers/fsl_common.o
LOAD ./drivers/fsl_common_arm.o
LOAD ./drivers/fsl_dspi.o
LOAD ./drivers/fsl_ftm.o
LOAD ./drivers/fsl_gpio.o
LOAD ./drivers/fsl_i2c.o
LOAD ./drivers/fsl_pit.o
LOAD ./drivers/fsl_rtc.o
LOAD ./drivers/fsl_smc.o
LOAD ./drivers/fsl_uart.o
LOAD ./device/system_MK66F18.o
LOAD ./component/uart/fsl_adapter_uart.o
LOAD ./component/serial_manager/fsl_component_serial_manager.o
LOAD ./component/serial_manager/fsl_component_serial_port_uart.o
LOAD ./component/lists/fsl_component_generic_list.o
LOAD ./board/board.o
LOAD ./board/clock_config.o
LOAD ./board/peripherals.o
LOAD ./board/pin_mux.o
LOAD ./CMSIS/DSP/Source/TransformFunctions/TransformFunctions.o
LOAD ./CMSIS/DSP/Source/SupportFunctions/SupportFunctions.o
LOAD ./CMSIS/DSP/Source/StatisticsFunctions/StatisticsFunctions.o
LOAD ./CMSIS/DSP/Source/MatrixFunctions/MatrixFunctions.o
LOAD ./CMSIS/DSP/Source/FilteringFunctions/FilteringFunctions.o
LOAD ./CMSIS/DSP/Source/FastMathFunctions/FastMathFunctions.o
LOAD ./CMSIS/DSP/Source/ControllerFunctions/ControllerFunctions.o
LOAD ./CMSIS/DSP/Source/ComplexMathFunctions/ComplexMathFunctions.o
LOAD ./CMSIS/DSP/Source/CommonTables/CommonTables.o
LOAD ./CMSIS/DSP/Source/BasicMathFunctions/BasicMathFunctions.o
LOAD Z:\EMBEBIDOS 2\Proyecto final\CARRITO_PROJECT\CARRITO_PROJECT\CARRITO\CMSIS\DSP\libarm_cortexM4lf_math.a
START GROUP
LOAD c:/nxp/mcuxpressoide_11.8.0_1165/ide/plugins/com.nxp.mcuxpresso.tools.win32_11.8.0.202306131047/tools/bin/../lib/gcc/arm-none-eabi/12.2.1/../../../../arm-none-eabi/lib/thumb/v7e-m+fp/hard\libcr_semihost_nf.a
LOAD c:/nxp/mcuxpressoide_11.8.0_1165/ide/plugins/com.nxp.mcuxpresso.tools.win32_11.8.0.202306131047/tools/bin/../lib/gcc/arm-none-eabi/12.2.1/../../../../arm-none-eabi/lib/thumb/v7e-m+fp/hard\libcr_c.a
LOAD c:/nxp/mcuxpressoide_11.8.0_1165/ide/plugins/com.nxp.mcuxpresso.tools.win32_11.8.0.202306131047/tools/bin/../lib/gcc/arm-none-eabi/12.2.1/thumb/v7e-m+fp/hard\libcr_eabihelpers.a
LOAD c:/nxp/mcuxpressoide_11.8.0_1165/ide/plugins/com.nxp.mcuxpresso.tools.win32_11.8.0.202306131047/tools/bin/../lib/gcc/arm-none-eabi/12.2.1/thumb/v7e-m+fp/hard\libgcc.a
END GROUP
                0x00000000                __base_PROGRAM_FLASH = 0x0
                0x00000000                __base_Flash = 0x0
                0x00200000                __top_PROGRAM_FLASH = 0x200000
                0x00200000                __top_Flash = 0x200000
                0x20000000                __base_SRAM_UPPER = 0x20000000
                0x20000000                __base_RAM = 0x20000000
                0x20030000                __top_SRAM_UPPER = 0x20030000
                0x20030000                __top_RAM = 0x20030000
                0x1fff0000                __base_SRAM_LOWER = 0x1fff0000
                0x1fff0000                __base_RAM2 = 0x1fff0000
                0x20000000                __top_SRAM_LOWER = 0x20000000
                0x20000000                __top_RAM2 = 0x20000000
                0x14000000                __base_FLEX_RAM = 0x14000000
                0x14000000                __base_RAM3 = 0x14000000
                0x14001000                __top_FLEX_RAM = 0x14001000
                0x14001000                __top_RAM3 = 0x14001000

.text           0x00000000     0xaaf0
 FILL mask 0xff
                0x00000000                __vectors_start__ = ABSOLUTE (.)
 *(SORT_BY_ALIGNMENT(.isr_vector))
 .isr_vector    0x00000000      0x1d0 ./startup/startup_mk66f18.o
                0x00000000                g_pfnVectors
                0x00000000                __Vectors
                0x000001d0                . = ALIGN (0x4)
                0x000001d0                __section_table_start = .
                0x000001d0                __data_section_table = .
                0x000001d0        0x4 LONG 0xaaf0 LOADADDR (.data)
                0x000001d4        0x4 LONG 0x20000000 ADDR (.data)
                0x000001d8        0x4 LONG 0x40 SIZEOF (.data)
                0x000001dc        0x4 LONG 0xaaf0 LOADADDR (.data_RAM2)
                0x000001e0        0x4 LONG 0x1fff0000 ADDR (.data_RAM2)
                0x000001e4        0x4 LONG 0x0 SIZEOF (.data_RAM2)
                0x000001e8        0x4 LONG 0xaaf0 LOADADDR (.data_RAM3)
                0x000001ec        0x4 LONG 0x14000000 ADDR (.data_RAM3)
                0x000001f0        0x4 LONG 0x0 SIZEOF (.data_RAM3)
                0x000001f4                __data_section_table_end = .
                0x000001f4                __bss_section_table = .
                0x000001f4        0x4 LONG 0x20000040 ADDR (.bss)
                0x000001f8        0x4 LONG 0x3028 SIZEOF (.bss)
                0x000001fc        0x4 LONG 0x1fff0000 ADDR (.bss_RAM2)
                0x00000200        0x4 LONG 0x0 SIZEOF (.bss_RAM2)
                0x00000204        0x4 LONG 0x14000000 ADDR (.bss_RAM3)
                0x00000208        0x4 LONG 0x0 SIZEOF (.bss_RAM3)
                0x0000020c                __bss_section_table_end = .
                0x0000020c                __section_table_end = .
 *(SORT_BY_ALIGNMENT(.after_vectors*))
 .after_vectors.reset
                0x0000020c       0x4c ./startup/startup_mk66f18.o
                0x0000020c                ResetISR
 .after_vectors.init_data
                0x00000258       0x1e ./startup/startup_mk66f18.o
                0x00000258                data_init
 .after_vectors.init_bss
                0x00000276       0x12 ./startup/startup_mk66f18.o
                0x00000276                bss_init
 .after_vectors
                0x00000288       0x14 ./startup/startup_mk66f18.o
                0x00000288                NMI_Handler
                0x0000028c                MemManage_Handler
                0x0000028e                BusFault_Handler
                0x00000290                UsageFault_Handler
                0x00000294                DebugMon_Handler
                0x0000029a                DMA_Error_DriverIRQHandler
                0x0000029a                FTM1_DriverIRQHandler
                0x0000029a                FTM2_DriverIRQHandler
                0x0000029a                PIT2_DriverIRQHandler
                0x0000029a                TPM2_DriverIRQHandler
                0x0000029a                SDHC_DriverIRQHandler
                0x0000029a                DMA7_DMA23_DriverIRQHandler
                0x0000029a                I2S0_Tx_DriverIRQHandler
                0x0000029a                TSI0_DriverIRQHandler
                0x0000029a                RTC_Seconds_DriverIRQHandler
                0x0000029a                CMP3_DriverIRQHandler
                0x0000029a                LLWU_DriverIRQHandler
                0x0000029a                MCM_DriverIRQHandler
                0x0000029a                DMA14_DMA30_DriverIRQHandler
                0x0000029a                MCG_DriverIRQHandler
                0x0000029a                ENET_1588_Timer_DriverIRQHandler
                0x0000029a                DAC1_DriverIRQHandler
                0x0000029a                LPTMR0_DriverIRQHandler
                0x0000029a                CMP1_DriverIRQHandler
                0x0000029a                USBHSDCD_DriverIRQHandler
                0x0000029a                DMA0_DMA16_DriverIRQHandler
                0x0000029a                FTM0_DriverIRQHandler
                0x0000029a                IntDefaultHandler
                0x0000029a                USB0_DriverIRQHandler
                0x0000029a                PORTC_DriverIRQHandler
                0x0000029a                DMA2_DMA18_DriverIRQHandler
                0x0000029a                DAC0_DriverIRQHandler
                0x0000029a                CMP2_DriverIRQHandler
                0x0000029a                UART2_ERR_DriverIRQHandler
                0x0000029a                LVD_LVW_DriverIRQHandler
                0x0000029a                Reserved84_DriverIRQHandler
                0x0000029a                PIT0_DriverIRQHandler
                0x0000029a                RNG_DriverIRQHandler
                0x0000029a                PORTB_DriverIRQHandler
                0x0000029a                UART3_ERR_DriverIRQHandler
                0x0000029a                DMA12_DMA28_DriverIRQHandler
                0x0000029a                DMA10_DMA26_DriverIRQHandler
                0x0000029a                UART0_ERR_DriverIRQHandler
                0x0000029a                CMT_DriverIRQHandler
                0x0000029a                Reserved71_DriverIRQHandler
                0x0000029a                ADC1_DriverIRQHandler
                0x0000029a                PORTA_DriverIRQHandler
                0x0000029a                DMA1_DMA17_DriverIRQHandler
                0x0000029a                PIT3_DriverIRQHandler
                0x0000029a                PIT1_DriverIRQHandler
                0x0000029a                TPM1_DriverIRQHandler
                0x0000029a                WDOG_EWM_DriverIRQHandler
                0x0000029a                PDB0_DriverIRQHandler
                0x0000029a                DMA8_DMA24_DriverIRQHandler
                0x0000029a                DMA6_DMA22_DriverIRQHandler
                0x0000029a                RTC_DriverIRQHandler
                0x0000029a                I2S0_Rx_DriverIRQHandler
                0x0000029a                Read_Collision_DriverIRQHandler
                0x0000029a                SWI_DriverIRQHandler
                0x0000029a                UART4_ERR_DriverIRQHandler
                0x0000029a                DMA13_DMA29_DriverIRQHandler
                0x0000029a                DMA11_DMA27_DriverIRQHandler
                0x0000029a                DMA4_DMA20_DriverIRQHandler
                0x0000029a                DMA9_DMA25_DriverIRQHandler
                0x0000029a                ENET_Receive_DriverIRQHandler
                0x0000029a                DMA3_DMA19_DriverIRQHandler
                0x0000029a                ENET_Error_DriverIRQHandler
                0x0000029a                LPUART0_DriverIRQHandler
                0x0000029a                Reserved85_DriverIRQHandler
                0x0000029a                ADC0_DriverIRQHandler
                0x0000029a                USBHS_DriverIRQHandler
                0x0000029a                CMP0_DriverIRQHandler
                0x0000029a                CAN0_DriverIRQHandler
                0x0000029a                FTM3_DriverIRQHandler
                0x0000029a                DMA5_DMA21_DriverIRQHandler
                0x0000029a                USBDCD_DriverIRQHandler
                0x0000029a                DMA15_DMA31_DriverIRQHandler
                0x0000029a                UART1_ERR_DriverIRQHandler
                0x0000029a                ENET_Transmit_DriverIRQHandler
                0x0000029a                PORTD_DriverIRQHandler
                0x0000029a                Reserved46_DriverIRQHandler
                0x0000029a                PORTE_DriverIRQHandler
                0x0000029a                FTFE_DriverIRQHandler
                0x0000029a                CAN1_DriverIRQHandler
                0x00000400                . = 0x400
 *fill*         0x0000029c      0x164 ff
                0x00000400                PROVIDE (__FLASH_CONFIG_START__ = .)
 *(SORT_BY_ALIGNMENT(.FlashConfig))
 .FlashConfig   0x00000400       0x10 ./startup/startup_mk66f18.o
                0x00000400                Flash_Config
                0x00000410                PROVIDE (__FLASH_CONFIG_END__ = .)
                0x00000001                ASSERT (! ((__FLASH_CONFIG_START__ == __FLASH_CONFIG_END__)), Linker Flash Config Support Enabled, but no .FlashConfig section provided within application)
 *(SORT_BY_ALIGNMENT(.text*))
 .text.SVC_Handler
                0x00000410       0x28 ./freertos/freertos_kernel/portable/GCC/ARM_CM4F/port.o
                0x00000410                SVC_Handler
 *fill*         0x00000438        0x8 ff
 .text.PendSV_Handler
                0x00000440       0x68 ./freertos/freertos_kernel/portable/GCC/ARM_CM4F/port.o
                0x00000440                PendSV_Handler
 .text.vfscanf  0x000004a8      0x964 c:/nxp/mcuxpressoide_11.8.0_1165/ide/plugins/com.nxp.mcuxpresso.tools.win32_11.8.0.202306131047/tools/bin/../lib/gcc/arm-none-eabi/12.2.1/../../../../arm-none-eabi/lib/thumb/v7e-m+fp/hard\libcr_c.a(scanf.o)
                0x000004a8                vfscanf
 *fill*         0x00000e0c        0x4 ff
 .text.strtod   0x00000e10       0x3c c:/nxp/mcuxpressoide_11.8.0_1165/ide/plugins/com.nxp.mcuxpresso.tools.win32_11.8.0.202306131047/tools/bin/../lib/gcc/arm-none-eabi/12.2.1/../../../../arm-none-eabi/lib/thumb/v7e-m+fp/hard\libcr_c.a(scanf.o)
                0x00000e10                strtod
 *fill*         0x00000e4c        0x4 ff
 .text._frexpl  0x00000e50       0x70 c:/nxp/mcuxpressoide_11.8.0_1165/ide/plugins/com.nxp.mcuxpresso.tools.win32_11.8.0.202306131047/tools/bin/../lib/gcc/arm-none-eabi/12.2.1/../../../../arm-none-eabi/lib/thumb/v7e-m+fp/hard\libcr_c.a(_frexpl.o)
                0x00000e50                _frexpl
 .text._ldexpl  0x00000ec0       0x5c c:/nxp/mcuxpressoide_11.8.0_1165/ide/plugins/com.nxp.mcuxpresso.tools.win32_11.8.0.202306131047/tools/bin/../lib/gcc/arm-none-eabi/12.2.1/../../../../arm-none-eabi/lib/thumb/v7e-m+fp/hard\libcr_c.a(_ldexpl.o)
                0x00000ec0                _ldexpl
 .text.getField
                0x00000f1c       0x40 ./source/GPS.o
                0x00000f1c                getField
 .text.decodeGPRMC
                0x00000f5c       0xcc ./source/GPS.o
                0x00000f5c                decodeGPRMC
 .text.__NVIC_SetPriority
                0x00001028       0x54 ./source/main.o
 .text.CLOCK_SetSimSafeDivs
                0x0000107c       0x24 ./source/main.o
 .text.PORT_SetPinConfig
                0x000010a0       0x38 ./source/main.o
 .text.PORTE_IRQHandler
                0x000010d8      0x17c ./source/main.o
                0x000010d8                PORTE_IRQHandler
 .text.main     0x00001254      0x13c ./source/main.o
                0x00001254                main
 .text.uart_init
                0x00001390       0x58 ./source/main.o
 .text.uart_read_gps
                0x000013e8      0x124 ./source/main.o
 .text.CLOCK_SetSimSafeDivs
                0x0000150c       0x24 ./source/overclock.o
 .text.CLOCK_SetXtal0Freq
                0x00001530       0x20 ./source/overclock.o
 .text.overclocking
                0x00001550       0x84 ./source/overclock.o
                0x00001550                overclocking
 .text.FTM0_IRQHandler
                0x000015d4       0xdc ./source/pwm_controller.o
                0x000015d4                FTM0_IRQHandler
 .text.pvPortMalloc
                0x000016b0      0x1c4 ./freertos/freertos_kernel/portable/MemMang/heap_4.o
                0x000016b0                pvPortMalloc
 .text.vPortFree
                0x00001874       0xc8 ./freertos/freertos_kernel/portable/MemMang/heap_4.o
                0x00001874                vPortFree
 .text.prvHeapInit
                0x0000193c       0xc4 ./freertos/freertos_kernel/portable/MemMang/heap_4.o
 .text.prvInsertBlockIntoFreeList
                0x00001a00       0xb4 ./freertos/freertos_kernel/portable/MemMang/heap_4.o
 .text.pxPortInitialiseStack
                0x00001ab4       0x68 ./freertos/freertos_kernel/portable/GCC/ARM_CM4F/port.o
                0x00001ab4                pxPortInitialiseStack
 .text.prvTaskExitError
                0x00001b1c       0x5c ./freertos/freertos_kernel/portable/GCC/ARM_CM4F/port.o
 .text.prvPortStartFirstTask
                0x00001b78       0x2c ./freertos/freertos_kernel/portable/GCC/ARM_CM4F/port.o
 .text.xPortStartScheduler
                0x00001ba4      0x148 ./freertos/freertos_kernel/portable/GCC/ARM_CM4F/port.o
                0x00001ba4                xPortStartScheduler
 .text.vPortEnterCritical
                0x00001cec       0x64 ./freertos/freertos_kernel/portable/GCC/ARM_CM4F/port.o
                0x00001cec                vPortEnterCritical
 .text.vPortExitCritical
                0x00001d50       0x54 ./freertos/freertos_kernel/portable/GCC/ARM_CM4F/port.o
                0x00001d50                vPortExitCritical
 .text.SysTick_Handler
                0x00001da4       0x44 ./freertos/freertos_kernel/portable/GCC/ARM_CM4F/port.o
                0x00001da4                SysTick_Handler
 .text.vPortSetupTimerInterrupt
                0x00001de8       0x48 ./freertos/freertos_kernel/portable/GCC/ARM_CM4F/port.o
                0x00001de8                vPortSetupTimerInterrupt
 .text.vPortEnableVFP
                0x00001e30       0x18 ./freertos/freertos_kernel/portable/GCC/ARM_CM4F/port.o
 .text.vPortValidateInterruptPriority
                0x00001e48       0x84 ./freertos/freertos_kernel/portable/GCC/ARM_CM4F/port.o
                0x00001e48                vPortValidateInterruptPriority
 .text.xEventGroupWaitBits
                0x00001ecc      0x1a4 ./freertos/freertos_kernel/event_groups.o
                0x00001ecc                xEventGroupWaitBits
 .text.xEventGroupSetBitsFromISR
                0x00002070       0x28 ./freertos/freertos_kernel/event_groups.o
                0x00002070                xEventGroupSetBitsFromISR
 .text.xQueueGenericReset
                0x00002098       0xd4 ./freertos/freertos_kernel/queue.o
                0x00002098                xQueueGenericReset
 .text.xQueueGenericSend
                0x0000216c      0x204 ./freertos/freertos_kernel/queue.o
                0x0000216c                xQueueGenericSend
 .text.xQueueReceive
                0x00002370      0x1c4 ./freertos/freertos_kernel/queue.o
                0x00002370                xQueueReceive
 .text.xQueueSemaphoreTake
                0x00002534      0x224 ./freertos/freertos_kernel/queue.o
                0x00002534                xQueueSemaphoreTake
 .text.vQueueAddToRegistry
                0x00002758       0x54 ./freertos/freertos_kernel/queue.o
                0x00002758                vQueueAddToRegistry
 .text.vQueueUnregisterQueue
                0x000027ac       0x54 ./freertos/freertos_kernel/queue.o
                0x000027ac                vQueueUnregisterQueue
 .text.prvAddNewTaskToReadyList
                0x00002800       0xdc ./freertos/freertos_kernel/tasks.o
 .text.vTaskDelete
                0x000028dc      0x12c ./freertos/freertos_kernel/tasks.o
                0x000028dc                vTaskDelete
 .text.vTaskSuspend
                0x00002a08      0x140 ./freertos/freertos_kernel/tasks.o
                0x00002a08                vTaskSuspend
 .text.prvTaskIsTaskSuspended
                0x00002b48       0x64 ./freertos/freertos_kernel/tasks.o
 .text.xTaskResumeFromISR
                0x00002bac       0xf0 ./freertos/freertos_kernel/tasks.o
                0x00002bac                xTaskResumeFromISR
 .text.vTaskStartScheduler
                0x00002c9c       0xa4 ./freertos/freertos_kernel/tasks.o
                0x00002c9c                vTaskStartScheduler
 .text.vTaskSuspendAll
                0x00002d40       0x1c ./freertos/freertos_kernel/tasks.o
                0x00002d40                vTaskSuspendAll
 .text.xTaskResumeAll
                0x00002d5c      0x13c ./freertos/freertos_kernel/tasks.o
                0x00002d5c                xTaskResumeAll
 .text.xTaskGetTickCount
                0x00002e98       0x20 ./freertos/freertos_kernel/tasks.o
                0x00002e98                xTaskGetTickCount
 .text.xTaskIncrementTick
                0x00002eb8      0x158 ./freertos/freertos_kernel/tasks.o
                0x00002eb8                xTaskIncrementTick
 .text.vTaskSwitchContext
                0x00003010       0xb8 ./freertos/freertos_kernel/tasks.o
                0x00003010                vTaskSwitchContext
 .text.vTaskPlaceOnEventList
                0x000030c8       0x4c ./freertos/freertos_kernel/tasks.o
                0x000030c8                vTaskPlaceOnEventList
 .text.vTaskPlaceOnUnorderedEventList
                0x00003114       0x7c ./freertos/freertos_kernel/tasks.o
                0x00003114                vTaskPlaceOnUnorderedEventList
 .text.vTaskPlaceOnEventListRestricted
                0x00003190       0x58 ./freertos/freertos_kernel/tasks.o
                0x00003190                vTaskPlaceOnEventListRestricted
 .text.xTaskRemoveFromEventList
                0x000031e8       0xc8 ./freertos/freertos_kernel/tasks.o
                0x000031e8                xTaskRemoveFromEventList
 .text.vTaskRemoveFromUnorderedEventList
                0x000032b0       0xc8 ./freertos/freertos_kernel/tasks.o
                0x000032b0                vTaskRemoveFromUnorderedEventList
 .text.vTaskInternalSetTimeOutState
                0x00003378       0x2c ./freertos/freertos_kernel/tasks.o
                0x00003378                vTaskInternalSetTimeOutState
 .text.xTaskCheckForTimeOut
                0x000033a4       0xd0 ./freertos/freertos_kernel/tasks.o
                0x000033a4                xTaskCheckForTimeOut
 .text.vTaskMissedYield
                0x00003474       0x18 ./freertos/freertos_kernel/tasks.o
                0x00003474                vTaskMissedYield
 .text.prvIdleTask
                0x0000348c       0x30 ./freertos/freertos_kernel/tasks.o
 .text.prvInitialiseTaskLists
                0x000034bc       0x80 ./freertos/freertos_kernel/tasks.o
 .text.prvCheckTasksWaitingTermination
                0x0000353c       0x5c ./freertos/freertos_kernel/tasks.o
 .text.prvResetNextTaskUnblockTime
                0x00003598       0x38 ./freertos/freertos_kernel/tasks.o
 .text.xTaskGetSchedulerState
                0x000035d0       0x3c ./freertos/freertos_kernel/tasks.o
                0x000035d0                xTaskGetSchedulerState
 .text.xTaskPriorityInherit
                0x0000360c       0xec ./freertos/freertos_kernel/tasks.o
                0x0000360c                xTaskPriorityInherit
 .text.xTaskPriorityDisinherit
                0x000036f8       0xf8 ./freertos/freertos_kernel/tasks.o
                0x000036f8                xTaskPriorityDisinherit
 .text.vTaskPriorityDisinheritAfterTimeout
                0x000037f0      0x120 ./freertos/freertos_kernel/tasks.o
                0x000037f0                vTaskPriorityDisinheritAfterTimeout
 .text.uxTaskResetEventItemValue
                0x00003910       0x30 ./freertos/freertos_kernel/tasks.o
                0x00003910                uxTaskResetEventItemValue
 .text.pvTaskIncrementMutexHeldCount
                0x00003940       0x28 ./freertos/freertos_kernel/tasks.o
                0x00003940                pvTaskIncrementMutexHeldCount
 .text.prvAddCurrentTaskToDelayedList
                0x00003968       0xcc ./freertos/freertos_kernel/tasks.o
 .text.xTimerCreateTimerTask
                0x00003a34       0x64 ./freertos/freertos_kernel/timers.o
                0x00003a34                xTimerCreateTimerTask
 .text.xTimerGenericCommand
                0x00003a98       0x9c ./freertos/freertos_kernel/timers.o
                0x00003a98                xTimerGenericCommand
 .text.prvProcessExpiredTimer
                0x00003b34       0x9c ./freertos/freertos_kernel/timers.o
 .text.prvProcessTimerOrBlockTask
                0x00003bd0       0x9c ./freertos/freertos_kernel/timers.o
 .text.prvGetNextExpireTime
                0x00003c6c       0x48 ./freertos/freertos_kernel/timers.o
 .text.prvSampleTimeNow
                0x00003cb4       0x40 ./freertos/freertos_kernel/timers.o
 .text.prvInsertTimerInActiveList
                0x00003cf4       0x84 ./freertos/freertos_kernel/timers.o
 .text.prvProcessReceivedCommands
                0x00003d78      0x1cc ./freertos/freertos_kernel/timers.o
 .text.prvSwitchTimerLists
                0x00003f44       0xcc ./freertos/freertos_kernel/timers.o
 .text.prvCheckForValidListAndQueue
                0x00004010       0x6c ./freertos/freertos_kernel/timers.o
 .text.xTimerPendFunctionCallFromISR
                0x0000407c       0x40 ./freertos/freertos_kernel/timers.o
                0x0000407c                xTimerPendFunctionCallFromISR
 .text.UART_RTOS_Callback
                0x000040bc       0xc0 ./drivers/freertos/fsl_uart_freertos.o
 .text.UART_RTOS_Init
                0x0000417c      0x1a0 ./drivers/freertos/fsl_uart_freertos.o
                0x0000417c                UART_RTOS_Init
 .text.CLOCK_SetEr32kClock
                0x0000431c       0x30 ./drivers/fsl_clock.o
 .text.CLOCK_SetPllFllSelClock
                0x0000434c       0x54 ./drivers/fsl_clock.o
 .text.CLOCK_GetMcgExtClkFreq
                0x000043a0       0x7c ./drivers/fsl_clock.o
 .text.CLOCK_GetFllExtRefClkFreq
                0x0000441c       0xb0 ./drivers/fsl_clock.o
 .text.CLOCK_GetInternalRefClkSelectFreq
                0x000044cc       0x4c ./drivers/fsl_clock.o
 .text.CLOCK_GetFllRefClkFreq
                0x00004518       0x34 ./drivers/fsl_clock.o
 .text.CLOCK_GetOscRangeFromFreq
                0x0000454c       0x3c ./drivers/fsl_clock.o
 .text.CLOCK_GetOsc0ErClkUndivFreq
                0x00004588       0x44 ./drivers/fsl_clock.o
                0x00004588                CLOCK_GetOsc0ErClkUndivFreq
 .text.CLOCK_GetOsc0ErClkDivFreq
                0x000045cc       0x58 ./drivers/fsl_clock.o
                0x000045cc                CLOCK_GetOsc0ErClkDivFreq
 .text.CLOCK_GetEr32kClkFreq
                0x00004624       0x74 ./drivers/fsl_clock.o
                0x00004624                CLOCK_GetEr32kClkFreq
 .text.CLOCK_GetPllFllSelClkFreq
                0x00004698       0x90 ./drivers/fsl_clock.o
                0x00004698                CLOCK_GetPllFllSelClkFreq
 .text.CLOCK_GetCoreSysClkFreq
                0x00004728       0x28 ./drivers/fsl_clock.o
                0x00004728                CLOCK_GetCoreSysClkFreq
 .text.CLOCK_GetFreq
                0x00004750      0x148 ./drivers/fsl_clock.o
                0x00004750                CLOCK_GetFreq
 .text.CLOCK_SetSimConfig
                0x00004898       0x40 ./drivers/fsl_clock.o
                0x00004898                CLOCK_SetSimConfig
 .text.CLOCK_EnableUsbfs0Clock
                0x000048d8      0x11c ./drivers/fsl_clock.o
                0x000048d8                CLOCK_EnableUsbfs0Clock
 .text.CLOCK_GetOutClkFreq
                0x000049f4       0x90 ./drivers/fsl_clock.o
                0x000049f4                CLOCK_GetOutClkFreq
 .text.CLOCK_GetFllFreq
                0x00004a84       0x84 ./drivers/fsl_clock.o
                0x00004a84                CLOCK_GetFllFreq
 .text.CLOCK_GetInternalRefClkFreq
                0x00004b08       0x30 ./drivers/fsl_clock.o
                0x00004b08                CLOCK_GetInternalRefClkFreq
 .text.CLOCK_GetPll0Freq
                0x00004b38       0x7c ./drivers/fsl_clock.o
                0x00004b38                CLOCK_GetPll0Freq
 .text.CLOCK_GetExtPllFreq
                0x00004bb4       0x18 ./drivers/fsl_clock.o
                0x00004bb4                CLOCK_GetExtPllFreq
 .text.CLOCK_SetExtPllFreq
                0x00004bcc       0x20 ./drivers/fsl_clock.o
                0x00004bcc                CLOCK_SetExtPllFreq
 .text.CLOCK_SetExternalRefClkConfig
                0x00004bec       0x6c ./drivers/fsl_clock.o
                0x00004bec                CLOCK_SetExternalRefClkConfig
 .text.CLOCK_SetInternalRefClkConfig
                0x00004c58      0x104 ./drivers/fsl_clock.o
                0x00004c58                CLOCK_SetInternalRefClkConfig
 .text.CLOCK_EnablePll0
                0x00004d5c       0x88 ./drivers/fsl_clock.o
                0x00004d5c                CLOCK_EnablePll0
 .text.CLOCK_InitOsc0
                0x00004de4       0x8c ./drivers/fsl_clock.o
                0x00004de4                CLOCK_InitOsc0
 .text.CLOCK_SetFbiMode
                0x00004e70       0xd0 ./drivers/fsl_clock.o
                0x00004e70                CLOCK_SetFbiMode
 .text.CLOCK_SetFbeMode
                0x00004f40      0x12c ./drivers/fsl_clock.o
                0x00004f40                CLOCK_SetFbeMode
 .text.CLOCK_SetPbeMode
                0x0000506c       0xe8 ./drivers/fsl_clock.o
                0x0000506c                CLOCK_SetPbeMode
 .text.CLOCK_SetPeeMode
                0x00005154       0x38 ./drivers/fsl_clock.o
                0x00005154                CLOCK_SetPeeMode
 .text.CLOCK_BootToPeeMode
                0x0000518c       0x68 ./drivers/fsl_clock.o
                0x0000518c                CLOCK_BootToPeeMode
 .text.DSPI_CommonIRQHandler
                0x000051f4       0x44 ./drivers/fsl_dspi.o
 .text.SPI0_DriverIRQHandler
                0x00005238       0x30 ./drivers/fsl_dspi.o
                0x00005238                SPI0_DriverIRQHandler
 .text.SPI1_DriverIRQHandler
                0x00005268       0x30 ./drivers/fsl_dspi.o
                0x00005268                SPI1_DriverIRQHandler
 .text.SPI2_DriverIRQHandler
                0x00005298       0x30 ./drivers/fsl_dspi.o
                0x00005298                SPI2_DriverIRQHandler
 .text.GPIO_GetInstance
                0x000052c8       0x4c ./drivers/fsl_gpio.o
 .text.GPIO_PortClearInterruptFlags
                0x00005314       0x34 ./drivers/fsl_gpio.o
                0x00005314                GPIO_PortClearInterruptFlags
 .text.I2C_TransferCommonIRQHandler
                0x00005348       0x58 ./drivers/fsl_i2c.o
 .text.I2C0_DriverIRQHandler
                0x000053a0       0x1c ./drivers/fsl_i2c.o
                0x000053a0                I2C0_DriverIRQHandler
 .text.I2C1_DriverIRQHandler
                0x000053bc       0x1c ./drivers/fsl_i2c.o
                0x000053bc                I2C1_DriverIRQHandler
 .text.I2C2_DriverIRQHandler
                0x000053d8       0x1c ./drivers/fsl_i2c.o
                0x000053d8                I2C2_DriverIRQHandler
 .text.I2C3_DriverIRQHandler
                0x000053f4       0x1c ./drivers/fsl_i2c.o
                0x000053f4                I2C3_DriverIRQHandler
 .text.__NVIC_EnableIRQ
                0x00005410       0x3c ./drivers/fsl_uart.o
 .text.UART_GetInstance
                0x0000544c       0x54 ./drivers/fsl_uart.o
                0x0000544c                UART_GetInstance
 .text.UART_TransferGetRxRingBufferLength
                0x000054a0       0x50 ./drivers/fsl_uart.o
                0x000054a0                UART_TransferGetRxRingBufferLength
 .text.UART_TransferIsRxRingBufferFull
                0x000054f0       0x40 ./drivers/fsl_uart.o
 .text.UART_Init
                0x00005530      0x2f4 ./drivers/fsl_uart.o
                0x00005530                UART_Init
 .text.UART_GetDefaultConfig
                0x00005824       0x68 ./drivers/fsl_uart.o
                0x00005824                UART_GetDefaultConfig
 .text.UART_WriteNonBlocking
                0x0000588c       0x48 ./drivers/fsl_uart.o
 .text.UART_ReadNonBlocking
                0x000058d4       0x48 ./drivers/fsl_uart.o
 .text.UART_TransferCreateHandle
                0x0000591c       0x84 ./drivers/fsl_uart.o
                0x0000591c                UART_TransferCreateHandle
 .text.UART_TransferStartRingBuffer
                0x000059a0       0x9c ./drivers/fsl_uart.o
                0x000059a0                UART_TransferStartRingBuffer
 .text.UART_TransferReceiveNonBlocking
                0x00005a3c      0x1fc ./drivers/fsl_uart.o
                0x00005a3c                UART_TransferReceiveNonBlocking
 .text.UART_TransferAbortReceive
                0x00005c38       0x84 ./drivers/fsl_uart.o
                0x00005c38                UART_TransferAbortReceive
 .text.UART_TransferHandleIRQ
                0x00005cbc      0x5d4 ./drivers/fsl_uart.o
                0x00005cbc                UART_TransferHandleIRQ
 .text.UART0_DriverIRQHandler
                0x00006290       0x28 ./drivers/fsl_uart.o
                0x00006290                UART0_DriverIRQHandler
 .text.UART1_DriverIRQHandler
                0x000062b8       0x28 ./drivers/fsl_uart.o
                0x000062b8                UART1_DriverIRQHandler
 .text.UART2_DriverIRQHandler
                0x000062e0       0x28 ./drivers/fsl_uart.o
                0x000062e0                UART2_DriverIRQHandler
 .text.UART3_DriverIRQHandler
                0x00006308       0x28 ./drivers/fsl_uart.o
                0x00006308                UART3_DriverIRQHandler
 .text.UART4_DriverIRQHandler
                0x00006330       0x28 ./drivers/fsl_uart.o
                0x00006330                UART4_DriverIRQHandler
 .text.SystemInit
                0x00006358       0x3c ./device/system_MK66F18.o
                0x00006358                SystemInit
 .text.CLOCK_SetSdhc0Clock
                0x00006394       0x38 ./board/clock_config.o
 .text.CLOCK_SetEnetTime0Clock
                0x000063cc       0x38 ./board/clock_config.o
 .text.CLOCK_SetRmii0Clock
                0x00006404       0x38 ./board/clock_config.o
 .text.CLOCK_SetLpuartClock
                0x0000643c       0x38 ./board/clock_config.o
 .text.CLOCK_SetTpmClock
                0x00006474       0x38 ./board/clock_config.o
 .text.CLOCK_SetTraceClock
                0x000064ac       0x54 ./board/clock_config.o
 .text.CLOCK_SetClkOutClock
                0x00006500       0x34 ./board/clock_config.o
 .text.CLOCK_SetRtcClkOutClock
                0x00006534       0x38 ./board/clock_config.o
 .text.CLOCK_SetSimSafeDivs
                0x0000656c       0x24 ./board/clock_config.o
 .text.CLOCK_SetXtal0Freq
                0x00006590       0x20 ./board/clock_config.o
 .text.CLOCK_SetXtal32Freq
                0x000065b0       0x20 ./board/clock_config.o
 .text.CLOCK_CONFIG_SetRtcClock
                0x000065d0       0x84 ./board/clock_config.o
 .text.CLOCK_CONFIG_EnableUsbhs0PhyPllClock
                0x00006654       0xf4 ./board/clock_config.o
 .text.CLOCK_CONFIG_EnableUsbhs0PfdClock
                0x00006748       0xb4 ./board/clock_config.o
 .text.CLOCK_CONFIG_SetUsbSlowClock
                0x000067fc       0x38 ./board/clock_config.o
 .text.CLOCK_CONFIG_SetFllExtRefDiv
                0x00006834       0x3c ./board/clock_config.o
 .text.BOARD_BootClockHSRUN
                0x00006870       0xe0 ./board/clock_config.o
                0x00006870                BOARD_BootClockHSRUN
 .text.__assertion_failed
                0x00006950       0x4c c:/nxp/mcuxpressoide_11.8.0_1165/ide/plugins/com.nxp.mcuxpresso.tools.win32_11.8.0.202306131047/tools/bin/../lib/gcc/arm-none-eabi/12.2.1/../../../../arm-none-eabi/lib/thumb/v7e-m+fp/hard\libcr_semihost_nf.a(_cr_assert.o)
                0x00006950                __assertion_failed
 .text.__sys_appexit
                0x0000699c        0xc c:/nxp/mcuxpressoide_11.8.0_1165/ide/plugins/com.nxp.mcuxpresso.tools.win32_11.8.0.202306131047/tools/bin/../lib/gcc/arm-none-eabi/12.2.1/../../../../arm-none-eabi/lib/thumb/v7e-m+fp/hard\libcr_semihost_nf.a(__sys_appexit.o)
                0x0000699c                __sys_appexit
                0x0000699c                __exit
 .text._Cwritebuf
                0x000069a8       0x6c c:/nxp/mcuxpressoide_11.8.0_1165/ide/plugins/com.nxp.mcuxpresso.tools.win32_11.8.0.202306131047/tools/bin/../lib/gcc/arm-none-eabi/12.2.1/../../../../arm-none-eabi/lib/thumb/v7e-m+fp/hard\libcr_c.a(_writebuf.o)
                0x000069a8                _Cwritebuf
 .text.malloc   0x00006a14       0xe8 c:/nxp/mcuxpressoide_11.8.0_1165/ide/plugins/com.nxp.mcuxpresso.tools.win32_11.8.0.202306131047/tools/bin/../lib/gcc/arm-none-eabi/12.2.1/../../../../arm-none-eabi/lib/thumb/v7e-m+fp/hard\libcr_c.a(alloc.o)
                0x00006a14                malloc
 .text._Csys_alloc
                0x00006afc       0x20 c:/nxp/mcuxpressoide_11.8.0_1165/ide/plugins/com.nxp.mcuxpresso.tools.win32_11.8.0.202306131047/tools/bin/../lib/gcc/arm-none-eabi/12.2.1/../../../../arm-none-eabi/lib/thumb/v7e-m+fp/hard\libcr_c.a(alloc.o)
                0x00006afc                _Csys_alloc
 .text.fseek    0x00006b1c       0xf8 c:/nxp/mcuxpressoide_11.8.0_1165/ide/plugins/com.nxp.mcuxpresso.tools.win32_11.8.0.202306131047/tools/bin/../lib/gcc/arm-none-eabi/12.2.1/../../../../arm-none-eabi/lib/thumb/v7e-m+fp/hard\libcr_c.a(fseek.o)
                0x00006b1c                fseek
 .text.ftell    0x00006c14       0x44 c:/nxp/mcuxpressoide_11.8.0_1165/ide/plugins/com.nxp.mcuxpresso.tools.win32_11.8.0.202306131047/tools/bin/../lib/gcc/arm-none-eabi/12.2.1/../../../../arm-none-eabi/lib/thumb/v7e-m+fp/hard\libcr_c.a(ftell.o)
                0x00006c14                ftell
 .text._initio  0x00006c58       0x78 c:/nxp/mcuxpressoide_11.8.0_1165/ide/plugins/com.nxp.mcuxpresso.tools.win32_11.8.0.202306131047/tools/bin/../lib/gcc/arm-none-eabi/12.2.1/../../../../arm-none-eabi/lib/thumb/v7e-m+fp/hard\libcr_c.a(initio.o)
                0x00006c58                _initio
 .text.__vfprintf
                0x00006cd0      0xb80 c:/nxp/mcuxpressoide_11.8.0_1165/ide/plugins/com.nxp.mcuxpresso.tools.win32_11.8.0.202306131047/tools/bin/../lib/gcc/arm-none-eabi/12.2.1/../../../../arm-none-eabi/lib/thumb/v7e-m+fp/hard\libcr_c.a(printf.o)
                0x00006cd0                __vfprintf
 .text._vsnprintf
                0x00007850       0x68 c:/nxp/mcuxpressoide_11.8.0_1165/ide/plugins/com.nxp.mcuxpresso.tools.win32_11.8.0.202306131047/tools/bin/../lib/gcc/arm-none-eabi/12.2.1/../../../../arm-none-eabi/lib/thumb/v7e-m+fp/hard\libcr_c.a(printf.o)
                0x00007850                _vsnprintf
 .text._printf  0x000078b8       0x54 c:/nxp/mcuxpressoide_11.8.0_1165/ide/plugins/com.nxp.mcuxpresso.tools.win32_11.8.0.202306131047/tools/bin/../lib/gcc/arm-none-eabi/12.2.1/../../../../arm-none-eabi/lib/thumb/v7e-m+fp/hard\libcr_c.a(printf.o)
                0x000078b8                _printf
 .text.ch_val   0x0000790c       0x30 c:/nxp/mcuxpressoide_11.8.0_1165/ide/plugins/com.nxp.mcuxpresso.tools.win32_11.8.0.202306131047/tools/bin/../lib/gcc/arm-none-eabi/12.2.1/../../../../arm-none-eabi/lib/thumb/v7e-m+fp/hard\libcr_c.a(scanf.o)
 .text.cr_rd_int
                0x0000793c      0x1a4 c:/nxp/mcuxpressoide_11.8.0_1165/ide/plugins/com.nxp.mcuxpresso.tools.win32_11.8.0.202306131047/tools/bin/../lib/gcc/arm-none-eabi/12.2.1/../../../../arm-none-eabi/lib/thumb/v7e-m+fp/hard\libcr_c.a(scanf.o)
 .text.atof     0x00007ae0       0x14 c:/nxp/mcuxpressoide_11.8.0_1165/ide/plugins/com.nxp.mcuxpresso.tools.win32_11.8.0.202306131047/tools/bin/../lib/gcc/arm-none-eabi/12.2.1/../../../../arm-none-eabi/lib/thumb/v7e-m+fp/hard\libcr_c.a(scanf.o)
                0x00007ae0                atof
 .text.strtok   0x00007af4       0x40 c:/nxp/mcuxpressoide_11.8.0_1165/ide/plugins/com.nxp.mcuxpresso.tools.win32_11.8.0.202306131047/tools/bin/../lib/gcc/arm-none-eabi/12.2.1/../../../../arm-none-eabi/lib/thumb/v7e-m+fp/hard\libcr_c.a(strtok.o)
                0x00007af4                strtok
 .text.__filbuf
                0x00007b34      0x178 c:/nxp/mcuxpressoide_11.8.0_1165/ide/plugins/com.nxp.mcuxpresso.tools.win32_11.8.0.202306131047/tools/bin/../lib/gcc/arm-none-eabi/12.2.1/../../../../arm-none-eabi/lib/thumb/v7e-m+fp/hard\libcr_c.a(__fillbuf.o)
                0x00007b34                __filbuf
 .text._sbrk    0x00007cac       0x3c c:/nxp/mcuxpressoide_11.8.0_1165/ide/plugins/com.nxp.mcuxpresso.tools.win32_11.8.0.202306131047/tools/bin/../lib/gcc/arm-none-eabi/12.2.1/../../../../arm-none-eabi/lib/thumb/v7e-m+fp/hard\libcr_c.a(_cr_sbrk.o)
                0x00007cac                _sbrk
 .text.fflush   0x00007ce8       0x3c c:/nxp/mcuxpressoide_11.8.0_1165/ide/plugins/com.nxp.mcuxpresso.tools.win32_11.8.0.202306131047/tools/bin/../lib/gcc/arm-none-eabi/12.2.1/../../../../arm-none-eabi/lib/thumb/v7e-m+fp/hard\libcr_c.a(fflush.o)
                0x00007ce8                fflush
 .text.__check_heap_overflow
                0x00007d24       0x18 c:/nxp/mcuxpressoide_11.8.0_1165/ide/plugins/com.nxp.mcuxpresso.tools.win32_11.8.0.202306131047/tools/bin/../lib/gcc/arm-none-eabi/12.2.1/../../../../arm-none-eabi/lib/thumb/v7e-m+fp/hard\libcr_c.a(_cr_check_heap.o)
                0x00007d24                __check_heap_overflow
 .text.__aeabi_dmul
                0x00007d3c       0xfc c:/nxp/mcuxpressoide_11.8.0_1165/ide/plugins/com.nxp.mcuxpresso.tools.win32_11.8.0.202306131047/tools/bin/../lib/gcc/arm-none-eabi/12.2.1/thumb/v7e-m+fp/hard\libcr_eabihelpers.a(double.o)
                0x00007d3c                __aeabi_dmul
 .text.__aeabi_ddiv
                0x00007e38      0x12c c:/nxp/mcuxpressoide_11.8.0_1165/ide/plugins/com.nxp.mcuxpresso.tools.win32_11.8.0.202306131047/tools/bin/../lib/gcc/arm-none-eabi/12.2.1/thumb/v7e-m+fp/hard\libcr_eabihelpers.a(double.o)
                0x00007e38                __aeabi_ddiv
 .text.__aeabi_dsub
                0x00007f64      0x1b4 c:/nxp/mcuxpressoide_11.8.0_1165/ide/plugins/com.nxp.mcuxpresso.tools.win32_11.8.0.202306131047/tools/bin/../lib/gcc/arm-none-eabi/12.2.1/thumb/v7e-m+fp/hard\libcr_eabihelpers.a(double.o)
                0x00007f64                __aeabi_dsub
 .text.__aeabi_dadd
                0x00008118      0x138 c:/nxp/mcuxpressoide_11.8.0_1165/ide/plugins/com.nxp.mcuxpresso.tools.win32_11.8.0.202306131047/tools/bin/../lib/gcc/arm-none-eabi/12.2.1/thumb/v7e-m+fp/hard\libcr_eabihelpers.a(double.o)
                0x00008118                __aeabi_dadd
 .text.__aeabi_d2f
                0x00008250       0x58 c:/nxp/mcuxpressoide_11.8.0_1165/ide/plugins/com.nxp.mcuxpresso.tools.win32_11.8.0.202306131047/tools/bin/../lib/gcc/arm-none-eabi/12.2.1/thumb/v7e-m+fp/hard\libcr_eabihelpers.a(double.o)
                0x00008250                __aeabi_d2f
 .text.DMA0_DMA16_IRQHandler
                0x000082a8        0x8 ./startup/startup_mk66f18.o
                0x000082a8                DMA0_DMA16_IRQHandler
 .text.DMA1_DMA17_IRQHandler
                0x000082b0        0x8 ./startup/startup_mk66f18.o
                0x000082b0                DMA1_DMA17_IRQHandler
 .text.DMA2_DMA18_IRQHandler
                0x000082b8        0x8 ./startup/startup_mk66f18.o
                0x000082b8                DMA2_DMA18_IRQHandler
 .text.DMA3_DMA19_IRQHandler
                0x000082c0        0x8 ./startup/startup_mk66f18.o
                0x000082c0                DMA3_DMA19_IRQHandler
 .text.DMA4_DMA20_IRQHandler
                0x000082c8        0x8 ./startup/startup_mk66f18.o
                0x000082c8                DMA4_DMA20_IRQHandler
 .text.DMA5_DMA21_IRQHandler
                0x000082d0        0x8 ./startup/startup_mk66f18.o
                0x000082d0                DMA5_DMA21_IRQHandler
 .text.DMA6_DMA22_IRQHandler
                0x000082d8        0x8 ./startup/startup_mk66f18.o
                0x000082d8                DMA6_DMA22_IRQHandler
 .text.DMA7_DMA23_IRQHandler
                0x000082e0        0x8 ./startup/startup_mk66f18.o
                0x000082e0                DMA7_DMA23_IRQHandler
 .text.DMA8_DMA24_IRQHandler
                0x000082e8        0x8 ./startup/startup_mk66f18.o
                0x000082e8                DMA8_DMA24_IRQHandler
 .text.DMA9_DMA25_IRQHandler
                0x000082f0        0x8 ./startup/startup_mk66f18.o
                0x000082f0                DMA9_DMA25_IRQHandler
 .text.DMA10_DMA26_IRQHandler
                0x000082f8        0x8 ./startup/startup_mk66f18.o
                0x000082f8                DMA10_DMA26_IRQHandler
 .text.DMA11_DMA27_IRQHandler
                0x00008300        0x8 ./startup/startup_mk66f18.o
                0x00008300                DMA11_DMA27_IRQHandler
 .text.DMA12_DMA28_IRQHandler
                0x00008308        0x8 ./startup/startup_mk66f18.o
                0x00008308                DMA12_DMA28_IRQHandler
 .text.DMA13_DMA29_IRQHandler
                0x00008310        0x8 ./startup/startup_mk66f18.o
                0x00008310                DMA13_DMA29_IRQHandler
 .text.DMA14_DMA30_IRQHandler
                0x00008318        0x8 ./startup/startup_mk66f18.o
                0x00008318                DMA14_DMA30_IRQHandler
 .text.DMA15_DMA31_IRQHandler
                0x00008320        0x8 ./startup/startup_mk66f18.o
                0x00008320                DMA15_DMA31_IRQHandler
 .text.DMA_Error_IRQHandler
                0x00008328        0x8 ./startup/startup_mk66f18.o
                0x00008328                DMA_Error_IRQHandler
 .text.MCM_IRQHandler
                0x00008330        0x8 ./startup/startup_mk66f18.o
                0x00008330                MCM_IRQHandler
 .text.FTFE_IRQHandler
                0x00008338        0x8 ./startup/startup_mk66f18.o
                0x00008338                FTFE_IRQHandler
 .text.Read_Collision_IRQHandler
                0x00008340        0x8 ./startup/startup_mk66f18.o
                0x00008340                Read_Collision_IRQHandler
 .text.LVD_LVW_IRQHandler
                0x00008348        0x8 ./startup/startup_mk66f18.o
                0x00008348                LVD_LVW_IRQHandler
 .text.LLWU_IRQHandler
                0x00008350        0x8 ./startup/startup_mk66f18.o
                0x00008350                LLWU_IRQHandler
 .text.WDOG_EWM_IRQHandler
                0x00008358        0x8 ./startup/startup_mk66f18.o
                0x00008358                WDOG_EWM_IRQHandler
 .text.RNG_IRQHandler
                0x00008360        0x8 ./startup/startup_mk66f18.o
                0x00008360                RNG_IRQHandler
 .text.I2C0_IRQHandler
                0x00008368        0x8 ./startup/startup_mk66f18.o
                0x00008368                I2C0_IRQHandler
 .text.I2C1_IRQHandler
                0x00008370        0x8 ./startup/startup_mk66f18.o
                0x00008370                I2C1_IRQHandler
 .text.SPI0_IRQHandler
                0x00008378        0x8 ./startup/startup_mk66f18.o
                0x00008378                SPI0_IRQHandler
 .text.SPI1_IRQHandler
                0x00008380        0x8 ./startup/startup_mk66f18.o
                0x00008380                SPI1_IRQHandler
 .text.I2S0_Tx_IRQHandler
                0x00008388        0x8 ./startup/startup_mk66f18.o
                0x00008388                I2S0_Tx_IRQHandler
 .text.I2S0_Rx_IRQHandler
                0x00008390        0x8 ./startup/startup_mk66f18.o
                0x00008390                I2S0_Rx_IRQHandler
 .text.Reserved46_IRQHandler
                0x00008398        0x8 ./startup/startup_mk66f18.o
                0x00008398                Reserved46_IRQHandler
 .text.UART0_RX_TX_IRQHandler
                0x000083a0        0x8 ./startup/startup_mk66f18.o
                0x000083a0                UART0_RX_TX_IRQHandler
 .text.UART0_ERR_IRQHandler
                0x000083a8        0x8 ./startup/startup_mk66f18.o
                0x000083a8                UART0_ERR_IRQHandler
 .text.UART1_RX_TX_IRQHandler
                0x000083b0        0x8 ./startup/startup_mk66f18.o
                0x000083b0                UART1_RX_TX_IRQHandler
 .text.UART1_ERR_IRQHandler
                0x000083b8        0x8 ./startup/startup_mk66f18.o
                0x000083b8                UART1_ERR_IRQHandler
 .text.UART2_RX_TX_IRQHandler
                0x000083c0        0x8 ./startup/startup_mk66f18.o
                0x000083c0                UART2_RX_TX_IRQHandler
 .text.UART2_ERR_IRQHandler
                0x000083c8        0x8 ./startup/startup_mk66f18.o
                0x000083c8                UART2_ERR_IRQHandler
 .text.UART3_RX_TX_IRQHandler
                0x000083d0        0x8 ./startup/startup_mk66f18.o
                0x000083d0                UART3_RX_TX_IRQHandler
 .text.UART3_ERR_IRQHandler
                0x000083d8        0x8 ./startup/startup_mk66f18.o
                0x000083d8                UART3_ERR_IRQHandler
 .text.ADC0_IRQHandler
                0x000083e0        0x8 ./startup/startup_mk66f18.o
                0x000083e0                ADC0_IRQHandler
 .text.CMP0_IRQHandler
                0x000083e8        0x8 ./startup/startup_mk66f18.o
                0x000083e8                CMP0_IRQHandler
 .text.CMP1_IRQHandler
                0x000083f0        0x8 ./startup/startup_mk66f18.o
                0x000083f0                CMP1_IRQHandler
 .text.FTM1_IRQHandler
                0x000083f8        0x8 ./startup/startup_mk66f18.o
                0x000083f8                FTM1_IRQHandler
 .text.FTM2_IRQHandler
                0x00008400        0x8 ./startup/startup_mk66f18.o
                0x00008400                FTM2_IRQHandler
 .text.CMT_IRQHandler
                0x00008408        0x8 ./startup/startup_mk66f18.o
                0x00008408                CMT_IRQHandler
 .text.RTC_IRQHandler
                0x00008410        0x8 ./startup/startup_mk66f18.o
                0x00008410                RTC_IRQHandler
 .text.RTC_Seconds_IRQHandler
                0x00008418        0x8 ./startup/startup_mk66f18.o
                0x00008418                RTC_Seconds_IRQHandler
 .text.PIT0_IRQHandler
                0x00008420        0x8 ./startup/startup_mk66f18.o
                0x00008420                PIT0_IRQHandler
 .text.PIT1_IRQHandler
                0x00008428        0x8 ./startup/startup_mk66f18.o
                0x00008428                PIT1_IRQHandler
 .text.PIT2_IRQHandler
                0x00008430        0x8 ./startup/startup_mk66f18.o
                0x00008430                PIT2_IRQHandler
 .text.PIT3_IRQHandler
                0x00008438        0x8 ./startup/startup_mk66f18.o
                0x00008438                PIT3_IRQHandler
 .text.PDB0_IRQHandler
                0x00008440        0x8 ./startup/startup_mk66f18.o
                0x00008440                PDB0_IRQHandler
 .text.USB0_IRQHandler
                0x00008448        0x8 ./startup/startup_mk66f18.o
                0x00008448                USB0_IRQHandler
 .text.USBDCD_IRQHandler
                0x00008450        0x8 ./startup/startup_mk66f18.o
                0x00008450                USBDCD_IRQHandler
 .text.Reserved71_IRQHandler
                0x00008458        0x8 ./startup/startup_mk66f18.o
                0x00008458                Reserved71_IRQHandler
 .text.DAC0_IRQHandler
                0x00008460        0x8 ./startup/startup_mk66f18.o
                0x00008460                DAC0_IRQHandler
 .text.MCG_IRQHandler
                0x00008468        0x8 ./startup/startup_mk66f18.o
                0x00008468                MCG_IRQHandler
 .text.LPTMR0_IRQHandler
                0x00008470        0x8 ./startup/startup_mk66f18.o
                0x00008470                LPTMR0_IRQHandler
 .text.PORTA_IRQHandler
                0x00008478        0x8 ./startup/startup_mk66f18.o
                0x00008478                PORTA_IRQHandler
 .text.PORTB_IRQHandler
                0x00008480        0x8 ./startup/startup_mk66f18.o
                0x00008480                PORTB_IRQHandler
 .text.PORTC_IRQHandler
                0x00008488        0x8 ./startup/startup_mk66f18.o
                0x00008488                PORTC_IRQHandler
 .text.PORTD_IRQHandler
                0x00008490        0x8 ./startup/startup_mk66f18.o
                0x00008490                PORTD_IRQHandler
 .text.SWI_IRQHandler
                0x00008498        0x8 ./startup/startup_mk66f18.o
                0x00008498                SWI_IRQHandler
 .text.SPI2_IRQHandler
                0x000084a0        0x8 ./startup/startup_mk66f18.o
                0x000084a0                SPI2_IRQHandler
 .text.UART4_RX_TX_IRQHandler
                0x000084a8        0x8 ./startup/startup_mk66f18.o
                0x000084a8                UART4_RX_TX_IRQHandler
 .text.UART4_ERR_IRQHandler
                0x000084b0        0x8 ./startup/startup_mk66f18.o
                0x000084b0                UART4_ERR_IRQHandler
 .text.Reserved84_IRQHandler
                0x000084b8        0x8 ./startup/startup_mk66f18.o
                0x000084b8                Reserved84_IRQHandler
 .text.Reserved85_IRQHandler
                0x000084c0        0x8 ./startup/startup_mk66f18.o
                0x000084c0                Reserved85_IRQHandler
 .text.CMP2_IRQHandler
                0x000084c8        0x8 ./startup/startup_mk66f18.o
                0x000084c8                CMP2_IRQHandler
 .text.FTM3_IRQHandler
                0x000084d0        0x8 ./startup/startup_mk66f18.o
                0x000084d0                FTM3_IRQHandler
 .text.DAC1_IRQHandler
                0x000084d8        0x8 ./startup/startup_mk66f18.o
                0x000084d8                DAC1_IRQHandler
 .text.ADC1_IRQHandler
                0x000084e0        0x8 ./startup/startup_mk66f18.o
                0x000084e0                ADC1_IRQHandler
 .text.I2C2_IRQHandler
                0x000084e8        0x8 ./startup/startup_mk66f18.o
                0x000084e8                I2C2_IRQHandler
 .text.CAN0_ORed_Message_buffer_IRQHandler
                0x000084f0        0x8 ./startup/startup_mk66f18.o
                0x000084f0                CAN0_ORed_Message_buffer_IRQHandler
 .text.CAN0_Bus_Off_IRQHandler
                0x000084f8        0x8 ./startup/startup_mk66f18.o
                0x000084f8                CAN0_Bus_Off_IRQHandler
 .text.CAN0_Error_IRQHandler
                0x00008500        0x8 ./startup/startup_mk66f18.o
                0x00008500                CAN0_Error_IRQHandler
 .text.CAN0_Tx_Warning_IRQHandler
                0x00008508        0x8 ./startup/startup_mk66f18.o
                0x00008508                CAN0_Tx_Warning_IRQHandler
 .text.CAN0_Rx_Warning_IRQHandler
                0x00008510        0x8 ./startup/startup_mk66f18.o
                0x00008510                CAN0_Rx_Warning_IRQHandler
 .text.CAN0_Wake_Up_IRQHandler
                0x00008518        0x8 ./startup/startup_mk66f18.o
                0x00008518                CAN0_Wake_Up_IRQHandler
 .text.SDHC_IRQHandler
                0x00008520        0x8 ./startup/startup_mk66f18.o
                0x00008520                SDHC_IRQHandler
 .text.ENET_1588_Timer_IRQHandler
                0x00008528        0x8 ./startup/startup_mk66f18.o
                0x00008528                ENET_1588_Timer_IRQHandler
 .text.ENET_Transmit_IRQHandler
                0x00008530        0x8 ./startup/startup_mk66f18.o
                0x00008530                ENET_Transmit_IRQHandler
 .text.ENET_Receive_IRQHandler
                0x00008538        0x8 ./startup/startup_mk66f18.o
                0x00008538                ENET_Receive_IRQHandler
 .text.ENET_Error_IRQHandler
                0x00008540        0x8 ./startup/startup_mk66f18.o
                0x00008540                ENET_Error_IRQHandler
 .text.LPUART0_IRQHandler
                0x00008548        0x8 ./startup/startup_mk66f18.o
                0x00008548                LPUART0_IRQHandler
 .text.TSI0_IRQHandler
                0x00008550        0x8 ./startup/startup_mk66f18.o
                0x00008550                TSI0_IRQHandler
 .text.TPM1_IRQHandler
                0x00008558        0x8 ./startup/startup_mk66f18.o
                0x00008558                TPM1_IRQHandler
 .text.TPM2_IRQHandler
                0x00008560        0x8 ./startup/startup_mk66f18.o
                0x00008560                TPM2_IRQHandler
 .text.USBHSDCD_IRQHandler
                0x00008568        0x8 ./startup/startup_mk66f18.o
                0x00008568                USBHSDCD_IRQHandler
 .text.I2C3_IRQHandler
                0x00008570        0x8 ./startup/startup_mk66f18.o
                0x00008570                I2C3_IRQHandler
 .text.CMP3_IRQHandler
                0x00008578        0x8 ./startup/startup_mk66f18.o
                0x00008578                CMP3_IRQHandler
 .text.USBHS_IRQHandler
                0x00008580        0x8 ./startup/startup_mk66f18.o
                0x00008580                USBHS_IRQHandler
 .text.CAN1_ORed_Message_buffer_IRQHandler
                0x00008588        0x8 ./startup/startup_mk66f18.o
                0x00008588                CAN1_ORed_Message_buffer_IRQHandler
 .text.CAN1_Bus_Off_IRQHandler
                0x00008590        0x8 ./startup/startup_mk66f18.o
                0x00008590                CAN1_Bus_Off_IRQHandler
 .text.CAN1_Error_IRQHandler
                0x00008598        0x8 ./startup/startup_mk66f18.o
                0x00008598                CAN1_Error_IRQHandler
 .text.CAN1_Tx_Warning_IRQHandler
                0x000085a0        0x8 ./startup/startup_mk66f18.o
                0x000085a0                CAN1_Tx_Warning_IRQHandler
 .text.CAN1_Rx_Warning_IRQHandler
                0x000085a8        0x8 ./startup/startup_mk66f18.o
                0x000085a8                CAN1_Rx_Warning_IRQHandler
 .text.CAN1_Wake_Up_IRQHandler
                0x000085b0        0x8 ./startup/startup_mk66f18.o
                0x000085b0                CAN1_Wake_Up_IRQHandler
 .text.decodeGPGGA
                0x000085b8       0x6e ./source/GPS.o
                0x000085b8                decodeGPGGA
 .text.CLOCK_EnableClock
                0x00008626       0x34 ./source/main.o
 .text.PIT_GetCurrentTimerCount
                0x0000865a       0x26 ./source/main.o
 .text.PIT_StartTimer
                0x00008680       0x38 ./source/main.o
 .text.PIT_StopTimer
                0x000086b8       0x38 ./source/main.o
 .text.PORT_SetPinMux
                0x000086f0       0x3a ./source/main.o
 .text.FTM_StartTimer
                0x0000872a       0x3a ./source/pwm_controller.o
 .text.FTM_StopTimer
                0x00008764       0x20 ./source/pwm_controller.o
 .text.FTM_SetSoftwareTrigger
                0x00008784       0x38 ./source/pwm_controller.o
 .text.HardFault_Handler
                0x000087bc       0x2c ./source/semihost_hardfault.o
                0x000087bc                HardFault_Handler
 .text.xEventGroupCreate
                0x000087e8       0x2e ./freertos/freertos_kernel/event_groups.o
                0x000087e8                xEventGroupCreate
 .text.xEventGroupClearBits
                0x00008816       0x72 ./freertos/freertos_kernel/event_groups.o
                0x00008816                xEventGroupClearBits
 .text.xEventGroupSetBits
                0x00008888      0x118 ./freertos/freertos_kernel/event_groups.o
                0x00008888                xEventGroupSetBits
 .text.vEventGroupDelete
                0x000089a0       0x64 ./freertos/freertos_kernel/event_groups.o
                0x000089a0                vEventGroupDelete
 .text.vEventGroupSetBitsCallback
                0x00008a04       0x1a ./freertos/freertos_kernel/event_groups.o
                0x00008a04                vEventGroupSetBitsCallback
 .text.prvTestWaitCondition
                0x00008a1e       0x44 ./freertos/freertos_kernel/event_groups.o
 .text.vListInitialise
                0x00008a62       0x40 ./freertos/freertos_kernel/list.o
                0x00008a62                vListInitialise
 .text.vListInitialiseItem
                0x00008aa2       0x1a ./freertos/freertos_kernel/list.o
                0x00008aa2                vListInitialiseItem
 .text.vListInsertEnd
                0x00008abc       0x48 ./freertos/freertos_kernel/list.o
                0x00008abc                vListInsertEnd
 .text.vListInsert
                0x00008b04       0x72 ./freertos/freertos_kernel/list.o
                0x00008b04                vListInsert
 .text.uxListRemove
                0x00008b76       0x54 ./freertos/freertos_kernel/list.o
                0x00008b76                uxListRemove
 .text.xQueueGenericCreate
                0x00008bca       0xc4 ./freertos/freertos_kernel/queue.o
                0x00008bca                xQueueGenericCreate
 .text.prvInitialiseNewQueue
                0x00008c8e       0x46 ./freertos/freertos_kernel/queue.o
 .text.prvInitialiseMutex
                0x00008cd4       0x34 ./freertos/freertos_kernel/queue.o
 .text.xQueueCreateMutex
                0x00008d08       0x30 ./freertos/freertos_kernel/queue.o
                0x00008d08                xQueueCreateMutex
 .text.xQueueGenericSendFromISR
                0x00008d38      0x15c ./freertos/freertos_kernel/queue.o
                0x00008d38                xQueueGenericSendFromISR
 .text.vQueueDelete
                0x00008e94       0x3e ./freertos/freertos_kernel/queue.o
                0x00008e94                vQueueDelete
 .text.prvGetDisinheritPriorityAfterTimeout
                0x00008ed2       0x30 ./freertos/freertos_kernel/queue.o
 .text.prvCopyDataToQueue
                0x00008f02       0xd4 ./freertos/freertos_kernel/queue.o
 .text.prvCopyDataFromQueue
                0x00008fd6       0x4c ./freertos/freertos_kernel/queue.o
 .text.prvUnlockQueue
                0x00009022       0xa4 ./freertos/freertos_kernel/queue.o
 .text.prvIsQueueEmpty
                0x000090c6       0x2c ./freertos/freertos_kernel/queue.o
 .text.prvIsQueueFull
                0x000090f2       0x30 ./freertos/freertos_kernel/queue.o
 .text.vQueueWaitForMessageRestricted
                0x00009122       0x68 ./freertos/freertos_kernel/queue.o
                0x00009122                vQueueWaitForMessageRestricted
 .text.xTaskCreate
                0x0000918a       0x82 ./freertos/freertos_kernel/tasks.o
                0x0000918a                xTaskCreate
 .text.prvInitialiseNewTask
                0x0000920c      0x13c ./freertos/freertos_kernel/tasks.o
 .text.prvDeleteTCB
                0x00009348       0x20 ./freertos/freertos_kernel/tasks.o
 .text.prvTimerTask
                0x00009368       0x26 ./freertos/freertos_kernel/timers.o
 .text.UART_EnableTx
                0x0000938e       0x40 ./drivers/freertos/fsl_uart_freertos.o
 .text.UART_EnableRx
                0x000093ce       0x40 ./drivers/freertos/fsl_uart_freertos.o
 .text.UART_RTOS_Receive
                0x0000940e      0x160 ./drivers/freertos/fsl_uart_freertos.o
                0x0000940e                UART_RTOS_Receive
 .text.CLOCK_EnableClock
                0x0000956e       0x34 ./drivers/fsl_clock.o
 .text.CLOCK_DisableClock
                0x000095a2       0x38 ./drivers/fsl_clock.o
 .text.OSC_SetExtRefClkConfig
                0x000095da       0x40 ./drivers/fsl_clock.o
 .text.OSC_SetCapLoad
                0x0000961a       0x34 ./drivers/fsl_clock.o
 .text.CLOCK_GetPll0RefFreq
                0x0000964e        0xe ./drivers/fsl_clock.o
 .text.CLOCK_GetFixedFreqClkFreq
                0x0000965c       0x34 ./drivers/fsl_clock.o
                0x0000965c                CLOCK_GetFixedFreqClkFreq
 .text.DSPI_IsMaster
                0x00009690       0x26 ./drivers/fsl_dspi.o
 .text.FTM_ClearStatusFlags
                0x000096b6       0x68 ./drivers/fsl_ftm.o
                0x000096b6                FTM_ClearStatusFlags
 .text.SMC_SetPowerModeHsrun
                0x0000971e       0x32 ./drivers/fsl_smc.o
                0x0000971e                SMC_SetPowerModeHsrun
 .text.CLOCK_EnableClock
                0x00009750       0x34 ./drivers/fsl_uart.o
 .text.EnableIRQ
                0x00009784       0x32 ./drivers/fsl_uart.o
 .text.DisableGlobalIRQ
                0x000097b6       0x22 ./drivers/fsl_uart.o
 .text.EnableGlobalIRQ
                0x000097d8       0x20 ./drivers/fsl_uart.o
 .text.UART_GetStatusFlags
                0x000097f8       0x48 ./drivers/fsl_uart.o
                0x000097f8                UART_GetStatusFlags
 .text.UART_ClearStatusFlags
                0x00009840       0x80 ./drivers/fsl_uart.o
                0x00009840                UART_ClearStatusFlags
 .text.UART0_RX_TX_DriverIRQHandler
                0x000098c0       0x12 ./drivers/fsl_uart.o
                0x000098c0                UART0_RX_TX_DriverIRQHandler
 .text.UART1_RX_TX_DriverIRQHandler
                0x000098d2       0x12 ./drivers/fsl_uart.o
                0x000098d2                UART1_RX_TX_DriverIRQHandler
 .text.UART2_RX_TX_DriverIRQHandler
                0x000098e4       0x12 ./drivers/fsl_uart.o
                0x000098e4                UART2_RX_TX_DriverIRQHandler
 .text.UART3_RX_TX_DriverIRQHandler
                0x000098f6       0x12 ./drivers/fsl_uart.o
                0x000098f6                UART3_RX_TX_DriverIRQHandler
 .text.UART4_RX_TX_DriverIRQHandler
                0x00009908       0x12 ./drivers/fsl_uart.o
                0x00009908                UART4_RX_TX_DriverIRQHandler
 .text.SystemInitHook
                0x0000991a        0xe ./device/system_MK66F18.o
                0x0000991a                SystemInitHook
 .text.DbgConsole_Init
                0x00009928       0x20 ./board/board.o
 .text.BOARD_InitDebugConsole
                0x00009948       0x22 ./board/board.o
                0x00009948                BOARD_InitDebugConsole
 .text.CLOCK_EnableClock
                0x0000996a       0x34 ./board/clock_config.o
 .text.CLOCK_DisableClock
                0x0000999e       0x38 ./board/clock_config.o
 .text.SMC_SetPowerModeProtection
                0x000099d6       0x1e ./board/clock_config.o
 .text.SMC_GetPowerModeState
                0x000099f4       0x1a ./board/clock_config.o
 .text.RTC_SetOscCapLoad
                0x00009a0e       0x32 ./board/clock_config.o
 .text.BOARD_InitBootClocks
                0x00009a40        0xc ./board/clock_config.o
                0x00009a40                BOARD_InitBootClocks
 .text.__main   0x00009a4c        0xe c:/nxp/mcuxpressoide_11.8.0_1165/ide/plugins/com.nxp.mcuxpresso.tools.win32_11.8.0.202306131047/tools/bin/../lib/gcc/arm-none-eabi/12.2.1/../../../../arm-none-eabi/lib/thumb/v7e-m+fp/hard\libcr_semihost_nf.a(_cr__main.o)
                0x00009a4c                __CR_SEMIHOST
                0x00009a4c                __main
 .text.memcpy   0x00009a5a        0x4 c:/nxp/mcuxpressoide_11.8.0_1165/ide/plugins/com.nxp.mcuxpresso.tools.win32_11.8.0.202306131047/tools/bin/../lib/gcc/arm-none-eabi/12.2.1/../../../../arm-none-eabi/lib/thumb/v7e-m+fp/hard\libcr_c.a(memcpy.o)
                0x00009a5a                memcpy
 .text.memset   0x00009a5e        0x4 c:/nxp/mcuxpressoide_11.8.0_1165/ide/plugins/com.nxp.mcuxpresso.tools.win32_11.8.0.202306131047/tools/bin/../lib/gcc/arm-none-eabi/12.2.1/../../../../arm-none-eabi/lib/thumb/v7e-m+fp/hard\libcr_c.a(memset.o)
                0x00009a5e                memset
 .text._deferredlazyseek
                0x00009a62       0x40 c:/nxp/mcuxpressoide_11.8.0_1165/ide/plugins/com.nxp.mcuxpresso.tools.win32_11.8.0.202306131047/tools/bin/../lib/gcc/arm-none-eabi/12.2.1/../../../../arm-none-eabi/lib/thumb/v7e-m+fp/hard\libcr_c.a(_deferredlazyseek.o)
                0x00009a62                _deferredlazyseek
 .text.__flsbuf
                0x00009aa2      0x140 c:/nxp/mcuxpressoide_11.8.0_1165/ide/plugins/com.nxp.mcuxpresso.tools.win32_11.8.0.202306131047/tools/bin/../lib/gcc/arm-none-eabi/12.2.1/../../../../arm-none-eabi/lib/thumb/v7e-m+fp/hard\libcr_c.a(_deferredlazyseek.o)
                0x00009aa2                __flsbuf
 .text._fflush  0x00009be2       0x52 c:/nxp/mcuxpressoide_11.8.0_1165/ide/plugins/com.nxp.mcuxpresso.tools.win32_11.8.0.202306131047/tools/bin/../lib/gcc/arm-none-eabi/12.2.1/../../../../arm-none-eabi/lib/thumb/v7e-m+fp/hard\libcr_c.a(_fflush.o)
                0x00009be2                _fflush
 .text.free     0x00009c34       0x30 c:/nxp/mcuxpressoide_11.8.0_1165/ide/plugins/com.nxp.mcuxpresso.tools.win32_11.8.0.202306131047/tools/bin/../lib/gcc/arm-none-eabi/12.2.1/../../../../arm-none-eabi/lib/thumb/v7e-m+fp/hard\libcr_c.a(alloc.o)
                0x00009c34                free
 .text.fputs    0x00009c64       0x2c c:/nxp/mcuxpressoide_11.8.0_1165/ide/plugins/com.nxp.mcuxpresso.tools.win32_11.8.0.202306131047/tools/bin/../lib/gcc/arm-none-eabi/12.2.1/../../../../arm-none-eabi/lib/thumb/v7e-m+fp/hard\libcr_c.a(fputs.o)
                0x00009c64                fputs
 .text.no_fp_display
                0x00009c90        0x4 c:/nxp/mcuxpressoide_11.8.0_1165/ide/plugins/com.nxp.mcuxpresso.tools.win32_11.8.0.202306131047/tools/bin/../lib/gcc/arm-none-eabi/12.2.1/../../../../arm-none-eabi/lib/thumb/v7e-m+fp/hard\libcr_c.a(printf.o)
 .text.sscanf   0x00009c94       0x3e c:/nxp/mcuxpressoide_11.8.0_1165/ide/plugins/com.nxp.mcuxpresso.tools.win32_11.8.0.202306131047/tools/bin/../lib/gcc/arm-none-eabi/12.2.1/../../../../arm-none-eabi/lib/thumb/v7e-m+fp/hard\libcr_c.a(scanf.o)
                0x00009c94                sscanf
 .text.setvbuf  0x00009cd2       0x3e c:/nxp/mcuxpressoide_11.8.0_1165/ide/plugins/com.nxp.mcuxpresso.tools.win32_11.8.0.202306131047/tools/bin/../lib/gcc/arm-none-eabi/12.2.1/../../../../arm-none-eabi/lib/thumb/v7e-m+fp/hard\libcr_c.a(setvbuf.o)
                0x00009cd2                setvbuf
 .text.strlen   0x00009d10       0x4e c:/nxp/mcuxpressoide_11.8.0_1165/ide/plugins/com.nxp.mcuxpresso.tools.win32_11.8.0.202306131047/tools/bin/../lib/gcc/arm-none-eabi/12.2.1/../../../../arm-none-eabi/lib/thumb/v7e-m+fp/hard\libcr_c.a(strlen.o)
                0x00009d10                strlen
 .text.ungetc   0x00009d5e       0x32 c:/nxp/mcuxpressoide_11.8.0_1165/ide/plugins/com.nxp.mcuxpresso.tools.win32_11.8.0.202306131047/tools/bin/../lib/gcc/arm-none-eabi/12.2.1/../../../../arm-none-eabi/lib/thumb/v7e-m+fp/hard\libcr_c.a(ungetc.o)
                0x00009d5e                ungetc
 .text._Csys_read_
                0x00009d90       0x22 c:/nxp/mcuxpressoide_11.8.0_1165/ide/plugins/com.nxp.mcuxpresso.tools.win32_11.8.0.202306131047/tools/bin/../lib/gcc/arm-none-eabi/12.2.1/../../../../arm-none-eabi/lib/thumb/v7e-m+fp/hard\libcr_c.a(__fillbuf.o)
                0x00009d90                _Csys_read_
 .text._fdopen  0x00009db2       0x68 c:/nxp/mcuxpressoide_11.8.0_1165/ide/plugins/com.nxp.mcuxpresso.tools.win32_11.8.0.202306131047/tools/bin/../lib/gcc/arm-none-eabi/12.2.1/../../../../arm-none-eabi/lib/thumb/v7e-m+fp/hard\libcr_c.a(_fdopen.o)
                0x00009db2                _fdopen
 .text.fclose   0x00009e1a       0x58 c:/nxp/mcuxpressoide_11.8.0_1165/ide/plugins/com.nxp.mcuxpresso.tools.win32_11.8.0.202306131047/tools/bin/../lib/gcc/arm-none-eabi/12.2.1/../../../../arm-none-eabi/lib/thumb/v7e-m+fp/hard\libcr_c.a(fclose.o)
                0x00009e1a                fclose
 .text.remove   0x00009e72       0x14 c:/nxp/mcuxpressoide_11.8.0_1165/ide/plugins/com.nxp.mcuxpresso.tools.win32_11.8.0.202306131047/tools/bin/../lib/gcc/arm-none-eabi/12.2.1/../../../../arm-none-eabi/lib/thumb/v7e-m+fp/hard\libcr_c.a(remove.o)
                0x00009e72                remove
 .text.strcspn  0x00009e86       0x1e c:/nxp/mcuxpressoide_11.8.0_1165/ide/plugins/com.nxp.mcuxpresso.tools.win32_11.8.0.202306131047/tools/bin/../lib/gcc/arm-none-eabi/12.2.1/../../../../arm-none-eabi/lib/thumb/v7e-m+fp/hard\libcr_c.a(strcspn.o)
                0x00009e86                strcspn
 .text.strspn   0x00009ea4       0x1e c:/nxp/mcuxpressoide_11.8.0_1165/ide/plugins/com.nxp.mcuxpresso.tools.win32_11.8.0.202306131047/tools/bin/../lib/gcc/arm-none-eabi/12.2.1/../../../../arm-none-eabi/lib/thumb/v7e-m+fp/hard\libcr_c.a(strspn.o)
                0x00009ea4                strspn
 .text._do_fflush
                0x00009ec2       0x40 c:/nxp/mcuxpressoide_11.8.0_1165/ide/plugins/com.nxp.mcuxpresso.tools.win32_11.8.0.202306131047/tools/bin/../lib/gcc/arm-none-eabi/12.2.1/../../../../arm-none-eabi/lib/thumb/v7e-m+fp/hard\libcr_c.a(_do_fflush.o)
                0x00009ec2                _do_fflush
 .text.__aeabi_division_uldivmod
                0x00009f02      0x174 c:/nxp/mcuxpressoide_11.8.0_1165/ide/plugins/com.nxp.mcuxpresso.tools.win32_11.8.0.202306131047/tools/bin/../lib/gcc/arm-none-eabi/12.2.1/thumb/v7e-m+fp/hard\libcr_eabihelpers.a(division_64.o)
                0x00009f02                __aeabi_uldivmod
                0x00009f06                __bhs_ldivmod1
 .text.__aeabi_division_idiv0
                0x0000a076        0x2 c:/nxp/mcuxpressoide_11.8.0_1165/ide/plugins/com.nxp.mcuxpresso.tools.win32_11.8.0.202306131047/tools/bin/../lib/gcc/arm-none-eabi/12.2.1/thumb/v7e-m+fp/hard\libcr_eabihelpers.a(division_idiv0.o)
                0x0000a076                __aeabi_idiv0
 .text.__aeabi_d2uiz
                0x0000a078       0x34 c:/nxp/mcuxpressoide_11.8.0_1165/ide/plugins/com.nxp.mcuxpresso.tools.win32_11.8.0.202306131047/tools/bin/../lib/gcc/arm-none-eabi/12.2.1/thumb/v7e-m+fp/hard\libcr_eabihelpers.a(double.o)
                0x0000a078                __aeabi_d2uiz
 .text.__bhs_ui2d
                0x0000a0ac       0x46 c:/nxp/mcuxpressoide_11.8.0_1165/ide/plugins/com.nxp.mcuxpresso.tools.win32_11.8.0.202306131047/tools/bin/../lib/gcc/arm-none-eabi/12.2.1/thumb/v7e-m+fp/hard\libcr_eabihelpers.a(double.o)
                0x0000a0ac                __bhs_ui2d
 .text.__aeabi_i2d
                0x0000a0f2       0x10 c:/nxp/mcuxpressoide_11.8.0_1165/ide/plugins/com.nxp.mcuxpresso.tools.win32_11.8.0.202306131047/tools/bin/../lib/gcc/arm-none-eabi/12.2.1/thumb/v7e-m+fp/hard\libcr_eabihelpers.a(double.o)
                0x0000a0f2                __aeabi_i2d
 .text.__aeabi_ui2d
                0x0000a102        0x8 c:/nxp/mcuxpressoide_11.8.0_1165/ide/plugins/com.nxp.mcuxpresso.tools.win32_11.8.0.202306131047/tools/bin/../lib/gcc/arm-none-eabi/12.2.1/thumb/v7e-m+fp/hard\libcr_eabihelpers.a(double.o)
                0x0000a102                __aeabi_ui2d
 .text.__aeabi_dcmpeq
                0x0000a10a       0x3e c:/nxp/mcuxpressoide_11.8.0_1165/ide/plugins/com.nxp.mcuxpresso.tools.win32_11.8.0.202306131047/tools/bin/../lib/gcc/arm-none-eabi/12.2.1/thumb/v7e-m+fp/hard\libcr_eabihelpers.a(double.o)
                0x0000a10a                __aeabi_dcmpeq
 .text.__aeabi_dcmpge
                0x0000a148       0x5a c:/nxp/mcuxpressoide_11.8.0_1165/ide/plugins/com.nxp.mcuxpresso.tools.win32_11.8.0.202306131047/tools/bin/../lib/gcc/arm-none-eabi/12.2.1/thumb/v7e-m+fp/hard\libcr_eabihelpers.a(double.o)
                0x0000a148                __aeabi_dcmpge
 .text.__aeabi_memcpy
                0x0000a1a2       0x34 c:/nxp/mcuxpressoide_11.8.0_1165/ide/plugins/com.nxp.mcuxpresso.tools.win32_11.8.0.202306131047/tools/bin/../lib/gcc/arm-none-eabi/12.2.1/thumb/v7e-m+fp/hard\libcr_eabihelpers.a(memcpy.o)
                0x0000a1a2                __aeabi_memcpy
                0x0000a1ac                __aeabi_memcpy8
                0x0000a1ac                __aeabi_memcpy4
 .text.__aeabi_memset_lowlevel
                0x0000a1d6       0x32 c:/nxp/mcuxpressoide_11.8.0_1165/ide/plugins/com.nxp.mcuxpresso.tools.win32_11.8.0.202306131047/tools/bin/../lib/gcc/arm-none-eabi/12.2.1/thumb/v7e-m+fp/hard\libcr_eabihelpers.a(memcpy.o)
                0x0000a1d6                __aeabi_lowlevel_memset
 .text.__sys_close
                0x0000a208        0xc c:/nxp/mcuxpressoide_11.8.0_1165/ide/plugins/com.nxp.mcuxpresso.tools.win32_11.8.0.202306131047/tools/bin/../lib/gcc/arm-none-eabi/12.2.1/../../../../arm-none-eabi/lib/thumb/v7e-m+fp/hard\libcr_semihost_nf.a(__sys_close.o)
                0x0000a208                __sys_close
 .text.__sys_flen
                0x0000a214        0xc c:/nxp/mcuxpressoide_11.8.0_1165/ide/plugins/com.nxp.mcuxpresso.tools.win32_11.8.0.202306131047/tools/bin/../lib/gcc/arm-none-eabi/12.2.1/../../../../arm-none-eabi/lib/thumb/v7e-m+fp/hard\libcr_semihost_nf.a(__sys_flen.o)
                0x0000a214                __sys_flen
 .text.__sys_istty
                0x0000a220        0xc c:/nxp/mcuxpressoide_11.8.0_1165/ide/plugins/com.nxp.mcuxpresso.tools.win32_11.8.0.202306131047/tools/bin/../lib/gcc/arm-none-eabi/12.2.1/../../../../arm-none-eabi/lib/thumb/v7e-m+fp/hard\libcr_semihost_nf.a(__sys_istty.o)
                0x0000a220                __sys_istty
 .text.__sys_read
                0x0000a22c        0xc c:/nxp/mcuxpressoide_11.8.0_1165/ide/plugins/com.nxp.mcuxpresso.tools.win32_11.8.0.202306131047/tools/bin/../lib/gcc/arm-none-eabi/12.2.1/../../../../arm-none-eabi/lib/thumb/v7e-m+fp/hard\libcr_semihost_nf.a(__sys_read.o)
                0x0000a22c                __sys_read
 .text.__sys_readc
                0x0000a238        0x8 c:/nxp/mcuxpressoide_11.8.0_1165/ide/plugins/com.nxp.mcuxpresso.tools.win32_11.8.0.202306131047/tools/bin/../lib/gcc/arm-none-eabi/12.2.1/../../../../arm-none-eabi/lib/thumb/v7e-m+fp/hard\libcr_semihost_nf.a(__sys_readc.o)
                0x0000a238                __sys_readc
                0x0000a238                __readc
 .text.__sys_remove
                0x0000a240        0xc c:/nxp/mcuxpressoide_11.8.0_1165/ide/plugins/com.nxp.mcuxpresso.tools.win32_11.8.0.202306131047/tools/bin/../lib/gcc/arm-none-eabi/12.2.1/../../../../arm-none-eabi/lib/thumb/v7e-m+fp/hard\libcr_semihost_nf.a(__sys_remove.o)
                0x0000a240                __sys_remove
 .text.__sys_seek
                0x0000a24c        0xc c:/nxp/mcuxpressoide_11.8.0_1165/ide/plugins/com.nxp.mcuxpresso.tools.win32_11.8.0.202306131047/tools/bin/../lib/gcc/arm-none-eabi/12.2.1/../../../../arm-none-eabi/lib/thumb/v7e-m+fp/hard\libcr_semihost_nf.a(__sys_seek.o)
                0x0000a24c                __sys_seek
 .text.__sys_tmpnam
                0x0000a258        0xc c:/nxp/mcuxpressoide_11.8.0_1165/ide/plugins/com.nxp.mcuxpresso.tools.win32_11.8.0.202306131047/tools/bin/../lib/gcc/arm-none-eabi/12.2.1/../../../../arm-none-eabi/lib/thumb/v7e-m+fp/hard\libcr_semihost_nf.a(__sys_tmpnam.o)
                0x0000a258                __sys_tmpnam
 .text.__sys_write
                0x0000a264        0xc c:/nxp/mcuxpressoide_11.8.0_1165/ide/plugins/com.nxp.mcuxpresso.tools.win32_11.8.0.202306131047/tools/bin/../lib/gcc/arm-none-eabi/12.2.1/../../../../arm-none-eabi/lib/thumb/v7e-m+fp/hard\libcr_semihost_nf.a(__sys_write.o)
                0x0000a264                __sys_write
 *freertos*/tasks.o(SORT_BY_ALIGNMENT(.rodata*))
 .rodata.vTaskStartScheduler.str1.4
                0x0000a270        0x5 ./freertos/freertos_kernel/tasks.o
 *(SORT_BY_ALIGNMENT(.rodata) SORT_BY_ALIGNMENT(.rodata.*) SORT_BY_ALIGNMENT(.constdata) SORT_BY_ALIGNMENT(.constdata.*))
 *fill*         0x0000a275        0x3 ff
 .rodata.getField.str1.4
                0x0000a278        0x2 ./source/GPS.o
 *fill*         0x0000a27a        0x2 ff
 .rodata.PORT_SetPinConfig.str1.4
                0x0000a27c       0x66 ./source/main.o
 *fill*         0x0000a2e2        0x2 ff
 .rodata.PORTE_IRQHandler.str1.4
                0x0000a2e4        0x9 ./source/main.o
 *fill*         0x0000a2ed        0x3 ff
 .rodata.main.str1.4
                0x0000a2f0       0x21 ./source/main.o
 *fill*         0x0000a311        0x3 ff
 .rodata.uart_read_gps.str1.4
                0x0000a314       0x3a ./source/main.o
 *fill*         0x0000a34e        0x2 ff
 .rodata        0x0000a350        0x3 ./source/overclock.o
 *fill*         0x0000a353        0x1 ff
 .rodata.g_channels
                0x0000a354        0x6 ./source/pwm_controller.o
                0x0000a354                g_channels
 *fill*         0x0000a35a        0x2 ff
 .rodata.xTimerCreateTimerTask.str1.4
                0x0000a35c        0x8 ./freertos/freertos_kernel/timers.o
 .rodata.prvCheckForValidListAndQueue.str1.4
                0x0000a364        0x5 ./freertos/freertos_kernel/timers.o
 *fill*         0x0000a369        0x3 ff
 .rodata.CLOCK_GetMcgExtClkFreq.str1.4
                0x0000a36c       0x49 ./drivers/fsl_clock.o
 *fill*         0x0000a3b5        0x3 ff
 .rodata.CLOCK_GetOsc0ErClkUndivFreq.str1.4
                0x0000a3b8       0x1e ./drivers/fsl_clock.o
 *fill*         0x0000a3d6        0x2 ff
 .rodata.CLOCK_GetOsc0ErClkDivFreq.str1.4
                0x0000a3d8       0x1e ./drivers/fsl_clock.o
 *fill*         0x0000a3f6        0x2 ff
 .rodata.CLOCK_GetEr32kClkFreq.str1.4
                0x0000a3f8       0x1f ./drivers/fsl_clock.o
 *fill*         0x0000a417        0x1 ff
 .rodata.CLOCK_EnableUsbfs0Clock.str1.4
                0x0000a418       0x2d ./drivers/fsl_clock.o
 *fill*         0x0000a445        0x3 ff
 .rodata.CLOCK_GetPll0Freq.str1.4
                0x0000a448       0x1d ./drivers/fsl_clock.o
 *fill*         0x0000a465        0x3 ff
 .rodata.CLOCK_EnablePll0.str1.4
                0x0000a468       0x1a ./drivers/fsl_clock.o
 *fill*         0x0000a482        0x2 ff
 .rodata.CLOCK_SetPbeMode.str1.4
                0x0000a484       0x1a ./drivers/fsl_clock.o
 *fill*         0x0000a49e        0x2 ff
 .rodata.CLOCK_BootToPeeMode.str1.4
                0x0000a4a0       0x1a ./drivers/fsl_clock.o
 *fill*         0x0000a4ba        0x2 ff
 .rodata.fllFactorTable.1
                0x0000a4bc       0x10 ./drivers/fsl_clock.o
 .rodata.SPI0_DriverIRQHandler.str1.4
                0x0000a4cc       0x2a ./drivers/fsl_dspi.o
 *fill*         0x0000a4f6        0x2 ff
 .rodata.SPI1_DriverIRQHandler.str1.4
                0x0000a4f8       0x2a ./drivers/fsl_dspi.o
 *fill*         0x0000a522        0x2 ff
 .rodata.SPI2_DriverIRQHandler.str1.4
                0x0000a524       0x2a ./drivers/fsl_dspi.o
 *fill*         0x0000a54e        0x2 ff
 .rodata.s_portBases
                0x0000a550       0x14 ./drivers/fsl_gpio.o
 .rodata.s_gpioBases
                0x0000a564       0x14 ./drivers/fsl_gpio.o
 .rodata.GPIO_GetInstance.str1.4
                0x0000a578       0x33 ./drivers/fsl_gpio.o
 *fill*         0x0000a5ab        0x1 ff
 .rodata.s_uartBases
                0x0000a5ac       0x14 ./drivers/fsl_uart.o
 .rodata.s_uartIRQ
                0x0000a5c0        0x5 ./drivers/fsl_uart.o
                0x0000a5c0                s_uartIRQ
 *fill*         0x0000a5c5        0x3 ff
 .rodata.s_uartClock
                0x0000a5c8       0x14 ./drivers/fsl_uart.o
 .rodata.UART_GetInstance.str1.4
                0x0000a5dc       0x2b ./drivers/fsl_uart.o
 *fill*         0x0000a607        0x1 ff
 .rodata.UART_TransferGetRxRingBufferLength.str1.4
                0x0000a608       0x20 ./drivers/fsl_uart.o
 .rodata.UART_TransferIsRxRingBufferFull.str1.4
                0x0000a628       0x20 ./drivers/fsl_uart.o
 .rodata.UART_Init.str1.4
                0x0000a648       0xfb ./drivers/fsl_uart.o
 *fill*         0x0000a743        0x1 ff
 .rodata.UART_GetDefaultConfig.str1.4
                0x0000a744       0x20 ./drivers/fsl_uart.o
 .rodata.UART_WriteNonBlocking.str1.4
                0x0000a764       0x1e ./drivers/fsl_uart.o
 *fill*         0x0000a782        0x2 ff
 .rodata.UART_ReadNonBlocking.str1.4
                0x0000a784       0x1e ./drivers/fsl_uart.o
 *fill*         0x0000a7a2        0x2 ff
 .rodata.UART_TransferCreateHandle.str1.4
                0x0000a7a4       0x20 ./drivers/fsl_uart.o
 .rodata.UART_TransferStartRingBuffer.str1.4
                0x0000a7c4       0x44 ./drivers/fsl_uart.o
 .rodata.UART_TransferReceiveNonBlocking.str1.4
                0x0000a808       0x93 ./drivers/fsl_uart.o
 *fill*         0x0000a89b        0x1 ff
 .rodata.UART_TransferAbortReceive.str1.4
                0x0000a89c       0x21 ./drivers/fsl_uart.o
 *fill*         0x0000a8bd        0x3 ff
 .rodata.UART_TransferHandleIRQ.str1.4
                0x0000a8c0       0x24 ./drivers/fsl_uart.o
 .rodata.mcgConfig_BOARD_BootClockHSRUN
                0x0000a8e4        0xc ./board/clock_config.o
                0x0000a8e4                mcgConfig_BOARD_BootClockHSRUN
 .rodata.simConfig_BOARD_BootClockHSRUN
                0x0000a8f0        0x8 ./board/clock_config.o
                0x0000a8f0                simConfig_BOARD_BootClockHSRUN
 .rodata.oscConfig_BOARD_BootClockHSRUN
                0x0000a8f8        0x8 ./board/clock_config.o
                0x0000a8f8                oscConfig_BOARD_BootClockHSRUN
 .rodata.__num_Ciob_streams
                0x0000a900        0x4 c:/nxp/mcuxpressoide_11.8.0_1165/ide/plugins/com.nxp.mcuxpresso.tools.win32_11.8.0.202306131047/tools/bin/../lib/gcc/arm-none-eabi/12.2.1/../../../../arm-none-eabi/lib/thumb/v7e-m+fp/hard\libcr_semihost_nf.a(__ciob.o)
                0x0000a900                __num_Ciob_streams
 .rodata.__assertion_failed.str1.1
                0x0000a904       0x15 c:/nxp/mcuxpressoide_11.8.0_1165/ide/plugins/com.nxp.mcuxpresso.tools.win32_11.8.0.202306131047/tools/bin/../lib/gcc/arm-none-eabi/12.2.1/../../../../arm-none-eabi/lib/thumb/v7e-m+fp/hard\libcr_semihost_nf.a(_cr_assert.o)
 .rodata._Csys_alloc.str1.1
                0x0000a919       0x18 c:/nxp/mcuxpressoide_11.8.0_1165/ide/plugins/com.nxp.mcuxpresso.tools.win32_11.8.0.202306131047/tools/bin/../lib/gcc/arm-none-eabi/12.2.1/../../../../arm-none-eabi/lib/thumb/v7e-m+fp/hard\libcr_c.a(alloc.o)
 .rodata.__ctype
                0x0000a931      0x180 c:/nxp/mcuxpressoide_11.8.0_1165/ide/plugins/com.nxp.mcuxpresso.tools.win32_11.8.0.202306131047/tools/bin/../lib/gcc/arm-none-eabi/12.2.1/../../../../arm-none-eabi/lib/thumb/v7e-m+fp/hard\libcr_c.a(ctype.o)
                0x0000a931                __ctype
 .rodata._initio.str1.1
                0x0000aab1        0x4 c:/nxp/mcuxpressoide_11.8.0_1165/ide/plugins/com.nxp.mcuxpresso.tools.win32_11.8.0.202306131047/tools/bin/../lib/gcc/arm-none-eabi/12.2.1/../../../../arm-none-eabi/lib/thumb/v7e-m+fp/hard\libcr_c.a(initio.o)
 .rodata.__vfprintf.str1.1
                0x0000aab5       0x35 c:/nxp/mcuxpressoide_11.8.0_1165/ide/plugins/com.nxp.mcuxpresso.tools.win32_11.8.0.202306131047/tools/bin/../lib/gcc/arm-none-eabi/12.2.1/../../../../arm-none-eabi/lib/thumb/v7e-m+fp/hard\libcr_c.a(printf.o)
                                 0x38 (size before relaxing)
 .rodata.strtod.str1.1
                0x0000aaea        0x6 c:/nxp/mcuxpressoide_11.8.0_1165/ide/plugins/com.nxp.mcuxpresso.tools.win32_11.8.0.202306131047/tools/bin/../lib/gcc/arm-none-eabi/12.2.1/../../../../arm-none-eabi/lib/thumb/v7e-m+fp/hard\libcr_c.a(scanf.o)
 .rodata.str1.1
                0x0000aaf0        0x1 c:/nxp/mcuxpressoide_11.8.0_1165/ide/plugins/com.nxp.mcuxpresso.tools.win32_11.8.0.202306131047/tools/bin/../lib/gcc/arm-none-eabi/12.2.1/../../../../arm-none-eabi/lib/thumb/v7e-m+fp/hard\libcr_c.a(strtok.o)
                0x0000aaf8                . = ALIGN (0x8)

.glue_7         0x0000aaf0        0x0
 .glue_7        0x0000aaf0        0x0 linker stubs

.glue_7t        0x0000aaf0        0x0
 .glue_7t       0x0000aaf0        0x0 linker stubs

.vfp11_veneer   0x0000aaf0        0x0
 .vfp11_veneer  0x0000aaf0        0x0 linker stubs

.v4_bx          0x0000aaf0        0x0
 .v4_bx         0x0000aaf0        0x0 linker stubs

.iplt           0x0000aaf0        0x0
 .iplt          0x0000aaf0        0x0 ./startup/startup_mk66f18.o

.rel.dyn        0x0000aaf0        0x0
 .rel.iplt      0x0000aaf0        0x0 ./startup/startup_mk66f18.o

.ARM.extab
 *(SORT_BY_ALIGNMENT(.ARM.extab*) SORT_BY_ALIGNMENT(.gnu.linkonce.armextab.*))

.ARM.exidx      0x0000aaf0        0x0
                0x0000aaf0                __exidx_start = .
 *(SORT_BY_ALIGNMENT(.ARM.exidx*) SORT_BY_ALIGNMENT(.gnu.linkonce.armexidx.*))
                0x0000aaf0                __exidx_end = .
                0x0000aaf0                _etext = .

.m_usb_data
 *(SORT_BY_ALIGNMENT(m_usb_bdt))

.data_RAM2      0x1fff0000        0x0 load address 0x0000aaf0
 FILL mask 0xff
                [!provide]                PROVIDE (__start_data_RAM2 = .)
                [!provide]                PROVIDE (__start_data_SRAM_LOWER = .)
 *(SORT_BY_ALIGNMENT(.ramfunc.$RAM2))
 *(SORT_BY_ALIGNMENT(.ramfunc.$SRAM_LOWER))
 *(SORT_BY_ALIGNMENT(.data.$RAM2))
 *(SORT_BY_ALIGNMENT(.data.$SRAM_LOWER))
 *(SORT_BY_ALIGNMENT(.data.$RAM2.*))
 *(SORT_BY_ALIGNMENT(.data.$SRAM_LOWER.*))
                0x1fff0000                . = ALIGN (0x8)
                [!provide]                PROVIDE (__end_data_RAM2 = .)
                [!provide]                PROVIDE (__end_data_SRAM_LOWER = .)

.data_RAM3      0x14000000        0x0 load address 0x0000aaf0
 FILL mask 0xff
                [!provide]                PROVIDE (__start_data_RAM3 = .)
                [!provide]                PROVIDE (__start_data_FLEX_RAM = .)
 *(SORT_BY_ALIGNMENT(.ramfunc.$RAM3))
 *(SORT_BY_ALIGNMENT(.ramfunc.$FLEX_RAM))
 *(SORT_BY_ALIGNMENT(.data.$RAM3))
 *(SORT_BY_ALIGNMENT(.data.$FLEX_RAM))
 *(SORT_BY_ALIGNMENT(.data.$RAM3.*))
 *(SORT_BY_ALIGNMENT(.data.$FLEX_RAM.*))
                0x14000000                . = ALIGN (0x8)
                [!provide]                PROVIDE (__end_data_RAM3 = .)
                [!provide]                PROVIDE (__end_data_FLEX_RAM = .)

.uninit_RESERVED
                0x20000000        0x0
                0x20000000                _start_uninit_RESERVED = .
 *(SORT_BY_ALIGNMENT(.bss.$RESERVED*))
                0x20000000                . = ALIGN (0x8)
                0x20000000                _end_uninit_RESERVED = .

.data           0x20000000       0x40 load address 0x0000aaf0
 FILL mask 0xff
                0x20000000                _data = .
                [!provide]                PROVIDE (__start_data_RAM = .)
                [!provide]                PROVIDE (__start_data_SRAM_UPPER = .)
 *(SORT_BY_ALIGNMENT(vtable))
 *(SORT_BY_ALIGNMENT(.ramfunc*))
 *(SORT_BY_ALIGNMENT(CodeQuickAccess))
 *(SORT_BY_ALIGNMENT(DataQuickAccess))
 *(SORT_BY_ALIGNMENT(RamFunction))
 *(SORT_BY_ALIGNMENT(.data*))
 .data.uart_config
                0x20000000       0x18 ./source/main.o
                0x20000000                uart_config
 .data.uxCriticalNesting
                0x20000018        0x4 ./freertos/freertos_kernel/portable/GCC/ARM_CM4F/port.o
 .data.uxTopUsedPriority
                0x2000001c        0x4 ./freertos/freertos_kernel/tasks.o
                0x2000001c                uxTopUsedPriority
 .data.s_slowIrcFreq
                0x20000020        0x4 ./drivers/fsl_clock.o
 .data.s_fastIrcFreq
                0x20000024        0x4 ./drivers/fsl_clock.o
 .data.SystemCoreClock
                0x20000028        0x4 ./device/system_MK66F18.o
                0x20000028                SystemCoreClock
 .data.neginf.0
                0x2000002c        0x4 c:/nxp/mcuxpressoide_11.8.0_1165/ide/plugins/com.nxp.mcuxpresso.tools.win32_11.8.0.202306131047/tools/bin/../lib/gcc/arm-none-eabi/12.2.1/../../../../arm-none-eabi/lib/thumb/v7e-m+fp/hard\libcr_c.a(scanf.o)
 .data.posinf.1
                0x20000030        0x4 c:/nxp/mcuxpressoide_11.8.0_1165/ide/plugins/com.nxp.mcuxpresso.tools.win32_11.8.0.202306131047/tools/bin/../lib/gcc/arm-none-eabi/12.2.1/../../../../arm-none-eabi/lib/thumb/v7e-m+fp/hard\libcr_c.a(scanf.o)
 .data.saves1.0
                0x20000034        0x4 c:/nxp/mcuxpressoide_11.8.0_1165/ide/plugins/com.nxp.mcuxpresso.tools.win32_11.8.0.202306131047/tools/bin/../lib/gcc/arm-none-eabi/12.2.1/../../../../arm-none-eabi/lib/thumb/v7e-m+fp/hard\libcr_c.a(strtok.o)
 .data.flag     0x20000038        0x1 ./source/main.o
                0x20000038                flag
                0x20000040                . = ALIGN (0x8)
 *fill*         0x20000039        0x7 ff
                0x20000040                _edata = .
                [!provide]                PROVIDE (__end_data_RAM = .)
                [!provide]                PROVIDE (__end_data_SRAM_UPPER = .)

.igot.plt       0x20000040        0x0 load address 0x0000ab30
 .igot.plt      0x20000040        0x0 ./startup/startup_mk66f18.o

.bss_RAM2       0x1fff0000        0x0
                [!provide]                PROVIDE (__start_bss_RAM2 = .)
                [!provide]                PROVIDE (__start_bss_SRAM_LOWER = .)
 *(SORT_BY_ALIGNMENT(.bss.$RAM2))
 *(SORT_BY_ALIGNMENT(.bss.$SRAM_LOWER))
 *(SORT_BY_ALIGNMENT(.bss.$RAM2.*))
 *(SORT_BY_ALIGNMENT(.bss.$SRAM_LOWER.*))
                0x1fff0000                . = ALIGN ((. != 0x0)?0x8:0x1)
                [!provide]                PROVIDE (__end_bss_RAM2 = .)
                [!provide]                PROVIDE (__end_bss_SRAM_LOWER = .)

.bss_RAM3       0x14000000        0x0
                [!provide]                PROVIDE (__start_bss_RAM3 = .)
                [!provide]                PROVIDE (__start_bss_FLEX_RAM = .)
 *(SORT_BY_ALIGNMENT(.bss.$RAM3))
 *(SORT_BY_ALIGNMENT(.bss.$FLEX_RAM))
 *(SORT_BY_ALIGNMENT(.bss.$RAM3.*))
 *(SORT_BY_ALIGNMENT(.bss.$FLEX_RAM.*))
                0x14000000                . = ALIGN ((. != 0x0)?0x8:0x1)
                [!provide]                PROVIDE (__end_bss_RAM3 = .)
                [!provide]                PROVIDE (__end_bss_FLEX_RAM = .)

.bss            0x20000040     0x3028
                0x20000040                _bss = .
                [!provide]                PROVIDE (__start_bss_RAM = .)
                [!provide]                PROVIDE (__start_bss_SRAM_UPPER = .)
 *(SORT_BY_ALIGNMENT(.bss*))
 .bss.cm        0x20000040        0x8 ./source/main.o
                0x20000040                cm
 .bss.gps_lon_lat
                0x20000048       0x28 ./source/main.o
                0x20000048                gps_lon_lat
 .bss.usec_start
                0x20000070        0x4 ./source/main.o
                0x20000070                usec_start
 .bss.usec_count
                0x20000074        0x4 ./source/main.o
                0x20000074                usec_count
 .bss.usec_final
                0x20000078        0x4 ./source/main.o
                0x20000078                usec_final
 .bss.background_buffer
                0x2000007c      0x3e8 ./source/main.o
                0x2000007c                background_buffer
 .bss.recv_buffer
                0x20000464       0x64 ./source/main.o
                0x20000464                recv_buffer
 .bss.data_gps  0x200004c8       0x64 ./source/main.o
                0x200004c8                data_gps
 .bss.handle    0x2000052c       0x28 ./source/main.o
                0x2000052c                handle
 .bss.t_handle  0x20000554       0x30 ./source/main.o