Z:\EMBEBIDOS 2\Proyecto final\CARRITO_PROJECT\CARRITO_PROJECT\CARRITO\CMSIS/core_cm4.h:1679:22:__NVIC_EnableIRQ	16	static
Z:\EMBEBIDOS 2\Proyecto final\CARRITO_PROJECT\CARRITO_PROJECT\CARRITO\CMSIS/core_cm4.h:1809:22:__NVIC_SetPriority	16	static
Z:\EMBEBIDOS 2\Proyecto final\CARRITO_PROJECT\CARRITO_PROJECT\CARRITO\drivers/fsl_clock.h:725:20:CLOCK_EnableClock	24	static
Z:\EMBEBIDOS 2\Proyecto final\CARRITO_PROJECT\CARRITO_PROJECT\CARRITO\drivers/fsl_clock.h:1045:20:CLOCK_SetSimSafeDivs	4	static
Z:\EMBEBIDOS 2\Proyecto final\CARRITO_PROJECT\CARRITO_PROJECT\CARRITO\drivers/fsl_common_arm.h:499:24:EnableIRQ	24	static
Z:\EMBEBIDOS 2\Proyecto final\CARRITO_PROJECT\CARRITO_PROJECT\CARRITO\drivers/fsl_pit.h:105:20:PIT_GetDefaultConfig	16	static
Z:\EMBEBIDOS 2\Proyecto final\CARRITO_PROJECT\CARRITO_PROJECT\CARRITO\drivers/fsl_pit.h:246:20:PIT_SetTimerPeriod	24	static
Z:\EMBEBIDOS 2\Proyecto final\CARRITO_PROJECT\CARRITO_PROJECT\CARRITO\drivers/fsl_pit.h:266:24:PIT_GetCurrentTimerCount	16	static
Z:\EMBEBIDOS 2\Proyecto final\CARRITO_PROJECT\CARRITO_PROJECT\CARRITO\drivers/fsl_pit.h:288:20:PIT_StartTimer	16	static
Z:\EMBEBIDOS 2\Proyecto final\CARRITO_PROJECT\CARRITO_PROJECT\CARRITO\drivers/fsl_pit.h:302:20:PIT_StopTimer	16	static
Z:\EMBEBIDOS 2\Proyecto final\CARRITO_PROJECT\CARRITO_PROJECT\CARRITO\drivers/fsl_gpio.h:206:20:GPIO_PortClear	16	static
Z:\EMBEBIDOS 2\Proyecto final\CARRITO_PROJECT\CARRITO_PROJECT\CARRITO\drivers/fsl_gpio.h:221:20:GPIO_PortToggle	16	static
Z:\EMBEBIDOS 2\Proyecto final\CARRITO_PROJECT\CARRITO_PROJECT\CARRITO\drivers/fsl_port.h:271:20:PORT_SetPinConfig	32	static
Z:\EMBEBIDOS 2\Proyecto final\CARRITO_PROJECT\CARRITO_PROJECT\CARRITO\drivers/fsl_port.h:374:20:PORT_SetPinMux	24	static
Z:\EMBEBIDOS 2\Proyecto final\CARRITO_PROJECT\CARRITO_PROJECT\CARRITO\drivers/fsl_port.h:443:20:PORT_SetPinInterruptConfig	24	static
../source/main.c:171:6:DSPI_SlaveUserCallback	32	static
../source/main.c:197:6:PORTE_IRQHandler	56	static
../source/main.c:216:5:main	32	static
../source/main.c:310:13:spi_init	48	static
../source/main.c:332:13:get_size_spi	32	static
../source/main.c:349:13:get_objets_spi	40	static
../source/main.c:374:13:ultrasonic_init	72	static
../source/main.c:402:13:ultrasonic	16	static
../source/main.c:411:13:stopAndResetDirection	8	static
../source/main.c:418:13:turn	16	static
../source/main.c:472:13:turn15	16	static
../source/main.c:496:15:delay	48	static
../source/main.c:502:13:uart_init	16	static
../source/main.c:514:13:uart_read_gps	40	static
../source/main.c:560:13:i2c_init	24	static
../source/main.c:583:13:i2c_read_compass	24	static
../source/main.c:620:13:test	16	static
