D:\Documentos\Embebidos_II\Practicas\CARRITO\CMSIS/core_cm4.h:1679:22:__NVIC_EnableIRQ	16	static
D:\Documentos\Embebidos_II\Practicas\CARRITO\CMSIS/core_cm4.h:1809:22:__NVIC_SetPriority	16	static
D:\Documentos\Embebidos_II\Practicas\CARRITO\drivers/fsl_clock.h:725:20:CLOCK_EnableClock	24	static
D:\Documentos\Embebidos_II\Practicas\CARRITO\drivers/fsl_clock.h:1045:20:CLOCK_SetSimSafeDivs	4	static
D:\Documentos\Embebidos_II\Practicas\CARRITO\drivers/fsl_common_arm.h:499:24:EnableIRQ	24	static
D:\Documentos\Embebidos_II\Practicas\CARRITO\drivers/fsl_pit.h:105:20:PIT_GetDefaultConfig	16	static
D:\Documentos\Embebidos_II\Practicas\CARRITO\drivers/fsl_pit.h:246:20:PIT_SetTimerPeriod	24	static
D:\Documentos\Embebidos_II\Practicas\CARRITO\drivers/fsl_pit.h:266:24:PIT_GetCurrentTimerCount	16	static
D:\Documentos\Embebidos_II\Practicas\CARRITO\drivers/fsl_pit.h:288:20:PIT_StartTimer	16	static
D:\Documentos\Embebidos_II\Practicas\CARRITO\drivers/fsl_pit.h:302:20:PIT_StopTimer	16	static
D:\Documentos\Embebidos_II\Practicas\CARRITO\drivers/fsl_gpio.h:206:20:GPIO_PortClear	16	static
D:\Documentos\Embebidos_II\Practicas\CARRITO\drivers/fsl_gpio.h:221:20:GPIO_PortToggle	16	static
D:\Documentos\Embebidos_II\Practicas\CARRITO\drivers/fsl_port.h:271:20:PORT_SetPinConfig	32	static
D:\Documentos\Embebidos_II\Practicas\CARRITO\drivers/fsl_port.h:374:20:PORT_SetPinMux	24	static
D:\Documentos\Embebidos_II\Practicas\CARRITO\drivers/fsl_port.h:443:20:PORT_SetPinInterruptConfig	24	static
../source/main.c:162:6:DSPI_SlaveUserCallback	32	static
../source/main.c:180:6:PORTD_IRQHandler	56	static
../source/main.c:199:5:main	24	static
../source/main.c:270:13:spi_init	48	static
../source/main.c:292:13:uart_init	16	static
../source/main.c:304:13:uart_read_gps	40	static
../source/main.c:350:13:i2c_init	24	static
../source/main.c:373:13:i2c_read_compass	24	static
../source/main.c:411:13:get_size_spi	32	static
../source/main.c:428:13:get_objets_spi	40	static
../source/main.c:448:13:ultrasonic_init	72	static
../source/main.c:476:13:ultrasonic	16	static
../source/main.c:484:13:motor_init	16	static
../source/main.c:490:13:stopAndResetDirection	16	static
../source/main.c:500:13:turn	16	static
../source/main.c:612:13:turn15	16	static
